Archive member included to satisfy reference by file (symbol)

e:/riscvdown/mounriver/mounriver_studio/toolchain/risc-v embedded gcc/bin/../lib/gcc/riscv-none-embed/8.2.0/rv32imacxw/ilp32\libgcc.a(save-restore.o)
                              ./User/main.o (__riscv_save_11)
e:/riscvdown/mounriver/mounriver_studio/toolchain/risc-v embedded gcc/bin/../lib/gcc/riscv-none-embed/8.2.0/../../../../riscv-none-embed/lib/rv32imacxw/ilp32\libg_nano.a(lib_a-memset.o)
                              ./User/main.o (memset)
e:/riscvdown/mounriver/mounriver_studio/toolchain/risc-v embedded gcc/bin/../lib/gcc/riscv-none-embed/8.2.0/../../../../riscv-none-embed/lib/rv32imacxw/ilp32\libg_nano.a(lib_a-sprintf.o)
                              ./User/main.o (sprintf)
e:/riscvdown/mounriver/mounriver_studio/toolchain/risc-v embedded gcc/bin/../lib/gcc/riscv-none-embed/8.2.0/../../../../riscv-none-embed/lib/rv32imacxw/ilp32\libg_nano.a(lib_a-impure.o)
                              e:/riscvdown/mounriver/mounriver_studio/toolchain/risc-v embedded gcc/bin/../lib/gcc/riscv-none-embed/8.2.0/../../../../riscv-none-embed/lib/rv32imacxw/ilp32\libg_nano.a(lib_a-sprintf.o) (_impure_ptr)
e:/riscvdown/mounriver/mounriver_studio/toolchain/risc-v embedded gcc/bin/../lib/gcc/riscv-none-embed/8.2.0/../../../../riscv-none-embed/lib/rv32imacxw/ilp32\libg_nano.a(lib_a-nano-svfprintf.o)
                              e:/riscvdown/mounriver/mounriver_studio/toolchain/risc-v embedded gcc/bin/../lib/gcc/riscv-none-embed/8.2.0/../../../../riscv-none-embed/lib/rv32imacxw/ilp32\libg_nano.a(lib_a-sprintf.o) (_svfprintf_r)
e:/riscvdown/mounriver/mounriver_studio/toolchain/risc-v embedded gcc/bin/../lib/gcc/riscv-none-embed/8.2.0/../../../../riscv-none-embed/lib/rv32imacxw/ilp32\libg_nano.a(lib_a-nano-vfprintf_i.o)
                              e:/riscvdown/mounriver/mounriver_studio/toolchain/risc-v embedded gcc/bin/../lib/gcc/riscv-none-embed/8.2.0/../../../../riscv-none-embed/lib/rv32imacxw/ilp32\libg_nano.a(lib_a-nano-svfprintf.o) (_printf_i)
e:/riscvdown/mounriver/mounriver_studio/toolchain/risc-v embedded gcc/bin/../lib/gcc/riscv-none-embed/8.2.0/../../../../riscv-none-embed/lib/rv32imacxw/ilp32\libg_nano.a(lib_a-memchr.o)
                              e:/riscvdown/mounriver/mounriver_studio/toolchain/risc-v embedded gcc/bin/../lib/gcc/riscv-none-embed/8.2.0/../../../../riscv-none-embed/lib/rv32imacxw/ilp32\libg_nano.a(lib_a-nano-svfprintf.o) (memchr)
e:/riscvdown/mounriver/mounriver_studio/toolchain/risc-v embedded gcc/bin/../lib/gcc/riscv-none-embed/8.2.0/../../../../riscv-none-embed/lib/rv32imacxw/ilp32\libg_nano.a(lib_a-memcpy.o)
                              e:/riscvdown/mounriver/mounriver_studio/toolchain/risc-v embedded gcc/bin/../lib/gcc/riscv-none-embed/8.2.0/../../../../riscv-none-embed/lib/rv32imacxw/ilp32\libg_nano.a(lib_a-nano-svfprintf.o) (memcpy)
e:/riscvdown/mounriver/mounriver_studio/toolchain/risc-v embedded gcc/bin/../lib/gcc/riscv-none-embed/8.2.0/../../../../riscv-none-embed/lib/rv32imacxw/ilp32\libg_nano.a(lib_a-memmove.o)
                              e:/riscvdown/mounriver/mounriver_studio/toolchain/risc-v embedded gcc/bin/../lib/gcc/riscv-none-embed/8.2.0/../../../../riscv-none-embed/lib/rv32imacxw/ilp32\libg_nano.a(lib_a-nano-svfprintf.o) (memmove)
e:/riscvdown/mounriver/mounriver_studio/toolchain/risc-v embedded gcc/bin/../lib/gcc/riscv-none-embed/8.2.0/../../../../riscv-none-embed/lib/rv32imacxw/ilp32\libg_nano.a(lib_a-nano-freer.o)
                              e:/riscvdown/mounriver/mounriver_studio/toolchain/risc-v embedded gcc/bin/../lib/gcc/riscv-none-embed/8.2.0/../../../../riscv-none-embed/lib/rv32imacxw/ilp32\libg_nano.a(lib_a-nano-svfprintf.o) (_free_r)
e:/riscvdown/mounriver/mounriver_studio/toolchain/risc-v embedded gcc/bin/../lib/gcc/riscv-none-embed/8.2.0/../../../../riscv-none-embed/lib/rv32imacxw/ilp32\libg_nano.a(lib_a-nano-mallocr.o)
                              e:/riscvdown/mounriver/mounriver_studio/toolchain/risc-v embedded gcc/bin/../lib/gcc/riscv-none-embed/8.2.0/../../../../riscv-none-embed/lib/rv32imacxw/ilp32\libg_nano.a(lib_a-nano-svfprintf.o) (_malloc_r)
e:/riscvdown/mounriver/mounriver_studio/toolchain/risc-v embedded gcc/bin/../lib/gcc/riscv-none-embed/8.2.0/../../../../riscv-none-embed/lib/rv32imacxw/ilp32\libg_nano.a(lib_a-nano-reallocr.o)
                              e:/riscvdown/mounriver/mounriver_studio/toolchain/risc-v embedded gcc/bin/../lib/gcc/riscv-none-embed/8.2.0/../../../../riscv-none-embed/lib/rv32imacxw/ilp32\libg_nano.a(lib_a-nano-svfprintf.o) (_realloc_r)
e:/riscvdown/mounriver/mounriver_studio/toolchain/risc-v embedded gcc/bin/../lib/gcc/riscv-none-embed/8.2.0/../../../../riscv-none-embed/lib/rv32imacxw/ilp32\libg_nano.a(lib_a-sbrkr.o)
                              e:/riscvdown/mounriver/mounriver_studio/toolchain/risc-v embedded gcc/bin/../lib/gcc/riscv-none-embed/8.2.0/../../../../riscv-none-embed/lib/rv32imacxw/ilp32\libg_nano.a(lib_a-nano-mallocr.o) (_sbrk_r)
[...]
Memory Configuration

Name             Origin             Length             Attributes
FLASH            0x0000000000000000 0x0000000000048000 xr
RAM              0x0000000020000000 0x0000000000008000 xrw
*default*        0x0000000000000000 0xffffffffffffffff

Linker script and memory map

LOAD ./User/ch32v30x_it.o
LOAD ./User/keys.o
LOAD ./User/leds.o
LOAD ./User/main.o
LOAD ./User/oled.o
LOAD ./User/rng.o
LOAD ./User/system_ch32v30x.o
LOAD ./User/usart_hmi.o
LOAD ./Startup/startup_ch32v30x_D8C.o
LOAD ./Peripheral/src/ch32v30x_adc.o
LOAD ./Peripheral/src/ch32v30x_bkp.o
LOAD ./Peripheral/src/ch32v30x_can.o
LOAD ./Peripheral/src/ch32v30x_crc.o
LOAD ./Peripheral/src/ch32v30x_dac.o
LOAD ./Peripheral/src/ch32v30x_dbgmcu.o
LOAD ./Peripheral/src/ch32v30x_dma.o
LOAD ./Peripheral/src/ch32v30x_dvp.o
LOAD ./Peripheral/src/ch32v30x_eth.o
LOAD ./Peripheral/src/ch32v30x_exti.o
LOAD ./Peripheral/src/ch32v30x_flash.o
LOAD ./Peripheral/src/ch32v30x_fsmc.o
LOAD ./Peripheral/src/ch32v30x_gpio.o
LOAD ./Peripheral/src/ch32v30x_i2c.o
LOAD ./Peripheral/src/ch32v30x_iwdg.o
LOAD ./Peripheral/src/ch32v30x_misc.o
LOAD ./Peripheral/src/ch32v30x_opa.o
LOAD ./Peripheral/src/ch32v30x_pwr.o
LOAD ./Peripheral/src/ch32v30x_rcc.o
LOAD ./Peripheral/src/ch32v30x_rng.o
LOAD ./Peripheral/src/ch32v30x_rtc.o
LOAD ./Peripheral/src/ch32v30x_sdio.o
LOAD ./Peripheral/src/ch32v30x_spi.o
LOAD ./Peripheral/src/ch32v30x_tim.o
LOAD ./Peripheral/src/ch32v30x_usart.o
LOAD ./Peripheral/src/ch32v30x_wwdg.o
LOAD ./Debug/debug.o
LOAD ./Core/core_riscv.o
LOAD e:/riscvdown/mounriver/mounriver_studio/toolchain/risc-v embedded gcc/bin/../lib/gcc/riscv-none-embed/8.2.0/../../../../riscv-none-embed/lib/rv32imacxw/ilp32\libm.a
LOAD e:/riscvdown/mounriver/mounriver_studio/toolchain/risc-v embedded gcc/bin/../lib/gcc/riscv-none-embed/8.2.0/rv32imacxw/ilp32\libgcc.a
LOAD e:/riscvdown/mounriver/mounriver_studio/toolchain/risc-v embedded gcc/bin/../lib/gcc/riscv-none-embed/8.2.0/../../../../riscv-none-embed/lib/rv32imacxw/ilp32\libg_nano.a
LOAD e:/riscvdown/mounriver/mounriver_studio/toolchain/risc-v embedded gcc/bin/../lib/gcc/riscv-none-embed/8.2.0/../../../../riscv-none-embed/lib/rv32imacxw/ilp32\libc_nano.a
LOAD e:/riscvdown/mounriver/mounriver_studio/toolchain/risc-v embedded gcc/bin/../lib/gcc/riscv-none-embed/8.2.0/rv32imacxw/ilp32\libgcc.a
START GROUP
LOAD e:/riscvdown/mounriver/mounriver_studio/toolchain/risc-v embedded gcc/bin/../lib/gcc/riscv-none-embed/8.2.0/rv32imacxw/ilp32\libgcc.a
LOAD e:/riscvdown/mounriver/mounriver_studio/toolchain/risc-v embedded gcc/bin/../lib/gcc/riscv-none-embed/8.2.0/../../../../riscv-none-embed/lib/rv32imacxw/ilp32\libc_nano.a
LOAD e:/riscvdown/mounriver/mounriver_studio/toolchain/risc-v embedded gcc/bin/../lib/gcc/riscv-none-embed/8.2.0/../../../../riscv-none-embed/lib/rv32imacxw/ilp32\libnosys.a
END GROUP
START GROUP
LOAD e:/riscvdown/mounriver/mounriver_studio/toolchain/risc-v embedded gcc/bin/../lib/gcc/riscv-none-embed/8.2.0/rv32imacxw/ilp32\libgcc.a
LOAD e:/riscvdown/mounriver/mounriver_studio/toolchain/risc-v embedded gcc/bin/../lib/gcc/riscv-none-embed/8.2.0/../../../../riscv-none-embed/lib/rv32imacxw/ilp32\libc_nano.a
LOAD e:/riscvdown/mounriver/mounriver_studio/toolchain/risc-v embedded gcc/bin/../lib/gcc/riscv-none-embed/8.2.0/../../../../riscv-none-embed/lib/rv32imacxw/ilp32\libnosys.a
END GROUP
                0x0000000000000800                __stack_size = 0x800
                [!provide]                        PROVIDE (_stack_size = __stack_size)

.init           0x0000000000000000       0x38
                0x0000000000000000                _sinit = .
                0x0000000000000000                . = ALIGN (0x4)
 *(SORT_NONE(.init))
 .init          0x0000000000000000       0x38 ./Startup/startup_ch32v30x_D8C.o
                0x0000000000000000                _start
                0x0000000000000038                . = ALIGN (0x4)
                0x0000000000000038                _einit = .

.vector         0x0000000000000038      0x1c8
 *(.vector)
 .vector        0x0000000000000038      0x1a0 ./Startup/startup_ch32v30x_D8C.o
                0x0000000000000200                . = ALIGN (0x40)
 *fill*         0x00000000000001d8       0x28 

.text           0x0000000000000200     0x1ec4
                0x0000000000000200                . = ALIGN (0x4)
 *(.text)
 .text          0x0000000000000200       0x60 e:/riscvdown/mounriver/mounriver_studio/toolchain/risc-v embedded gcc/bin/../lib/gcc/riscv-none-embed/8.2.0/rv32imacxw/ilp32\libgcc.a(save-restore.o)
                0x0000000000000200                __riscv_save_12
                0x0000000000000208                __riscv_save_9
                0x0000000000000208                __riscv_save_11
                0x0000000000000208                __riscv_save_10
                0x0000000000000208                __riscv_save_8
                0x0000000000000216                __riscv_save_4
                0x0000000000000216                __riscv_save_6
                0x0000000000000216                __riscv_save_5
                0x0000000000000216                __riscv_save_7
                0x0000000000000230                __riscv_save_3
                0x0000000000000230                __riscv_save_2
                0x0000000000000230                __riscv_save_1
                0x0000000000000230                __riscv_save_0
                0x000000000000023c                __riscv_restore_12
                0x0000000000000240                __riscv_restore_11
                0x0000000000000240                __riscv_restore_9
                0x0000000000000240                __riscv_restore_10
                0x0000000000000240                __riscv_restore_8
                0x000000000000024a                __riscv_restore_5
                0x000000000000024a                __riscv_restore_7
                0x000000000000024a                __riscv_restore_6
                0x000000000000024a                __riscv_restore_4
                0x0000000000000254                __riscv_restore_3
                0x0000000000000254                __riscv_restore_0
                0x0000000000000254                __riscv_restore_2
                0x0000000000000254                __riscv_restore_1
 .text          0x0000000000000260       0xa8 e:/riscvdown/mounriver/mounriver_studio/toolchain/risc-v embedded gcc/bin/../lib/gcc/riscv-none-embed/8.2.0/../../../../riscv-none-embed/lib/rv32imacxw/ilp32\libg_nano.a(lib_a-memset.o)
                0x0000000000000260                memset
 *(.text.*)
 .text.NMI_Handler
                0x0000000000000308        0x4 ./User/ch32v30x_it.o
                0x0000000000000308                NMI_Handler
 .text.HardFault_Handler
                0x000000000000030c        0x2 ./User/ch32v30x_it.o
                0x000000000000030c                HardFault_Handler
 .text.Matrix_ssKey_Pin_Init
                0x000000000000030e       0x46 ./User/keys.o
                0x000000000000030e                Matrix_ssKey_Pin_Init
 .text.Matrix_Key_Scan
                0x0000000000000354      0x288 ./User/keys.o
                0x0000000000000354                Matrix_Key_Scan
 .text.LED_INIT
                0x00000000000005dc      0x1ec ./User/leds.o
                0x00000000000005dc                LED_INIT
 .text.USART1_IRQHandler
                0x00000000000007c8       0xaa ./User/main.o
                0x00000000000007c8                USART1_IRQHandler
 .text.GPIO_Toggle_INIT
                0x0000000000000872       0x32 ./User/main.o
                0x0000000000000872                GPIO_Toggle_INIT
 .text.startup.main
                0x00000000000008a4      0x394 ./User/main.o
                0x00000000000008a4                main
 .text.RNG_Init
                0x0000000000000c38       0x14 ./User/rng.o
                0x0000000000000c38                RNG_Init
 .text.RNG_Get_RandomRange
                0x0000000000000c4c       0x1e ./User/rng.o
                0x0000000000000c4c                RNG_Get_RandomRange
 .text.RNG_Ready
                0x0000000000000c6a        0xe ./User/rng.o
                0x0000000000000c6a                RNG_Ready
 .text.SystemInit
                0x0000000000000c78       0xfa ./User/system_ch32v30x.o
                0x0000000000000c78                SystemInit
 .text.delay    0x0000000000000d72       0x14 ./User/usart_hmi.o
                0x0000000000000d72                delay
 .text.HMISendInit
                0x0000000000000d86       0x86 ./User/usart_hmi.o
                0x0000000000000d86                HMISendInit
 .text.HMISends
                0x0000000000000e0c       0x38 ./User/usart_hmi.o
                0x0000000000000e0c                HMISends
 .text.HMISendb
                0x0000000000000e44       0x38 ./User/usart_hmi.o
                0x0000000000000e44                HMISendb
 .text.vector_handler
                0x0000000000000e7c       0xbe ./Startup/startup_ch32v30x_D8C.o
                0x0000000000000e80                Ecall_M_Mode_Handler
                0x0000000000000e82                Ecall_U_Mode_Handler
                0x0000000000000e84                Break_Point_Handler
                0x0000000000000e86                SysTick_Handler
                0x0000000000000e88                SW_Handler
                0x0000000000000e8a                WWDG_IRQHandler
                0x0000000000000e8c                PVD_IRQHandler
                0x0000000000000e8e                TAMPER_IRQHandler
                0x0000000000000e90                RTC_IRQHandler
                0x0000000000000e92                FLASH_IRQHandler
                0x0000000000000e94                RCC_IRQHandler
                0x0000000000000e96                EXTI0_IRQHandler
                0x0000000000000e98                EXTI1_IRQHandler
                0x0000000000000e9a                EXTI2_IRQHandler
                0x0000000000000e9c                EXTI3_IRQHandler
                0x0000000000000e9e                EXTI4_IRQHandler
                0x0000000000000ea0                DMA1_Channel1_IRQHandler
                0x0000000000000ea2                DMA1_Channel2_IRQHandler
                0x0000000000000ea4                DMA1_Channel3_IRQHandler
                0x0000000000000ea6                DMA1_Channel4_IRQHandler
                0x0000000000000ea8                DMA1_Channel5_IRQHandler
                0x0000000000000eaa                DMA1_Channel6_IRQHandler
                0x0000000000000eac                DMA1_Channel7_IRQHandler
                0x0000000000000eae                ADC1_2_IRQHandler
                0x0000000000000eb0                USB_HP_CAN1_TX_IRQHandler
                0x0000000000000eb2                USB_LP_CAN1_RX0_IRQHandler
                0x0000000000000eb4                CAN1_RX1_IRQHandler
                0x0000000000000eb6                CAN1_SCE_IRQHandler
                0x0000000000000eb8                EXTI9_5_IRQHandler
                0x0000000000000eba                TIM1_BRK_IRQHandler
                0x0000000000000ebc                TIM1_UP_IRQHandler
                0x0000000000000ebe                TIM1_TRG_COM_IRQHandler
                0x0000000000000ec0                TIM1_CC_IRQHandler
                0x0000000000000ec2                TIM2_IRQHandler
                0x0000000000000ec4                TIM3_IRQHandler
                0x0000000000000ec6                TIM4_IRQHandler
                0x0000000000000ec8                I2C1_EV_IRQHandler
                0x0000000000000eca                I2C1_ER_IRQHandler
                0x0000000000000ecc                I2C2_EV_IRQHandler
                0x0000000000000ece                I2C2_ER_IRQHandler
                0x0000000000000ed0                SPI1_IRQHandler
                0x0000000000000ed2                SPI2_IRQHandler
                0x0000000000000ed6                USART2_IRQHandler
                0x0000000000000ed8                USART3_IRQHandler
                0x0000000000000eda                EXTI15_10_IRQHandler
                0x0000000000000edc                RTCAlarm_IRQHandler
                0x0000000000000ede                USBWakeUp_IRQHandler
                0x0000000000000ee0                TIM8_BRK_IRQHandler
                0x0000000000000ee2                TIM8_UP_IRQHandler
                0x0000000000000ee4                TIM8_TRG_COM_IRQHandler
                0x0000000000000ee6                TIM8_CC_IRQHandler
                0x0000000000000ee8                RNG_IRQHandler
                0x0000000000000eea                FSMC_IRQHandler
                0x0000000000000eec                SDIO_IRQHandler
                0x0000000000000eee                TIM5_IRQHandler
                0x0000000000000ef0                SPI3_IRQHandler
                0x0000000000000ef2                UART4_IRQHandler
                0x0000000000000ef4                UART5_IRQHandler
                0x0000000000000ef6                TIM6_IRQHandler
                0x0000000000000ef8                TIM7_IRQHandler
                0x0000000000000efa                DMA2_Channel1_IRQHandler
                0x0000000000000efc                DMA2_Channel2_IRQHandler
                0x0000000000000efe                DMA2_Channel3_IRQHandler
                0x0000000000000f00                DMA2_Channel4_IRQHandler
                0x0000000000000f02                DMA2_Channel5_IRQHandler
                0x0000000000000f04                ETH_IRQHandler
                0x0000000000000f06                ETH_WKUP_IRQHandler
                0x0000000000000f08                CAN2_TX_IRQHandler
                0x0000000000000f0a                CAN2_RX0_IRQHandler
                0x0000000000000f0c                CAN2_RX1_IRQHandler
                0x0000000000000f0e                CAN2_SCE_IRQHandler
                0x0000000000000f10                OTG_FS_IRQHandler
                0x0000000000000f12                USBHSWakeup_IRQHandler
                0x0000000000000f14                USBHS_IRQHandler
                0x0000000000000f16                DVP_IRQHandler
                0x0000000000000f18                UART6_IRQHandler
                0x0000000000000f1a                UART7_IRQHandler
                0x0000000000000f1c                UART8_IRQHandler
                0x0000000000000f1e                TIM9_BRK_IRQHandler
                0x0000000000000f20                TIM9_UP_IRQHandler
                0x0000000000000f22                TIM9_TRG_COM_IRQHandler
                0x0000000000000f24                TIM9_CC_IRQHandler
                0x0000000000000f26                TIM10_BRK_IRQHandler
                0x0000000000000f28                TIM10_UP_IRQHandler
                0x0000000000000f2a                TIM10_TRG_COM_IRQHandler
                0x0000000000000f2c                TIM10_CC_IRQHandler
                0x0000000000000f2e                DMA2_Channel6_IRQHandler
                0x0000000000000f30                DMA2_Channel7_IRQHandler
                0x0000000000000f32                DMA2_Channel8_IRQHandler
                0x0000000000000f34                DMA2_Channel9_IRQHandler
                0x0000000000000f36                DMA2_Channel10_IRQHandler
                0x0000000000000f38                DMA2_Channel11_IRQHandler
 .text.handle_reset
                0x0000000000000f3a       0x8a ./Startup/startup_ch32v30x_D8C.o
                0x0000000000000f3a                handle_reset
 .text.GPIO_Init
                0x0000000000000fc4       0xc0 ./Peripheral/src/ch32v30x_gpio.o
                0x0000000000000fc4                GPIO_Init
 .text.GPIO_ReadInputData
                0x0000000000001084        0x8 ./Peripheral/src/ch32v30x_gpio.o
                0x0000000000001084                GPIO_ReadInputData
 .text.GPIO_SetBits
                0x000000000000108c        0x4 ./Peripheral/src/ch32v30x_gpio.o
                0x000000000000108c                GPIO_SetBits
 .text.GPIO_ResetBits
                0x0000000000001090        0x4 ./Peripheral/src/ch32v30x_gpio.o
                0x0000000000001090                GPIO_ResetBits
 .text.GPIO_WriteBit
                0x0000000000001094        0xa ./Peripheral/src/ch32v30x_gpio.o
                0x0000000000001094                GPIO_WriteBit
 .text.GPIO_Write
                0x000000000000109e        0x4 ./Peripheral/src/ch32v30x_gpio.o
                0x000000000000109e                GPIO_Write
 .text.NVIC_PriorityGroupConfig
                0x00000000000010a2        0x6 ./Peripheral/src/ch32v30x_misc.o
                0x00000000000010a2                NVIC_PriorityGroupConfig
 .text.NVIC_Init
                0x00000000000010a8       0xa6 ./Peripheral/src/ch32v30x_misc.o
                0x00000000000010a8                NVIC_Init
 .text.RCC_GetClocksFreq
                0x000000000000114e      0x176 ./Peripheral/src/ch32v30x_rcc.o
                0x000000000000114e                RCC_GetClocksFreq
 .text.RCC_AHBPeriphClockCmd
                0x00000000000012c4       0x1e ./Peripheral/src/ch32v30x_rcc.o
                0x00000000000012c4                RCC_AHBPeriphClockCmd
 .text.RCC_APB2PeriphClockCmd
                0x00000000000012e2       0x1e ./Peripheral/src/ch32v30x_rcc.o
                0x00000000000012e2                RCC_APB2PeriphClockCmd
 .text.RNG_Cmd  0x0000000000001300       0x18 ./Peripheral/src/ch32v30x_rng.o
                0x0000000000001300                RNG_Cmd
 .text.RNG_GetRandomNumber
                0x0000000000001318        0xa ./Peripheral/src/ch32v30x_rng.o
                0x0000000000001318                RNG_GetRandomNumber
 .text.RNG_GetFlagStatus
                0x0000000000001322       0x12 ./Peripheral/src/ch32v30x_rng.o
                0x0000000000001322                RNG_GetFlagStatus
 .text.USART_Init
                0x0000000000001334       0xba ./Peripheral/src/ch32v30x_usart.o
                0x0000000000001334                USART_Init
 .text.USART_Cmd
                0x00000000000013ee       0x16 ./Peripheral/src/ch32v30x_usart.o
                0x00000000000013ee                USART_Cmd
 .text.USART_ITConfig
                0x0000000000001404       0x36 ./Peripheral/src/ch32v30x_usart.o
                0x0000000000001404                USART_ITConfig
 .text.USART_SendData
                0x000000000000143a        0x8 ./Peripheral/src/ch32v30x_usart.o
                0x000000000000143a                USART_SendData
 .text.USART_ReceiveData
                0x0000000000001442        0x8 ./Peripheral/src/ch32v30x_usart.o
                0x0000000000001442                USART_ReceiveData
 .text.USART_GetFlagStatus
                0x000000000000144a        0xa ./Peripheral/src/ch32v30x_usart.o
                0x000000000000144a                USART_GetFlagStatus
 .text.USART_GetITStatus
                0x0000000000001454       0x3c ./Peripheral/src/ch32v30x_usart.o
                0x0000000000001454                USART_GetITStatus
 .text.Delay_Init
                0x0000000000001490       0x2a ./Debug/debug.o
                0x0000000000001490                Delay_Init
 .text.Delay_Us
                0x00000000000014ba       0x36 ./Debug/debug.o
                0x00000000000014ba                Delay_Us
 .text.Delay_Ms
                0x00000000000014f0       0x36 ./Debug/debug.o
                0x00000000000014f0                Delay_Ms
 .text.USART_Printf_Init
                0x0000000000001526       0x8e ./Debug/debug.o
                0x0000000000001526                USART_Printf_Init
 .text._sbrk    0x00000000000015b4       0x26 ./Debug/debug.o
                0x00000000000015b4                _sbrk
 .text.sprintf  0x00000000000015da       0x44 e:/riscvdown/mounriver/mounriver_studio/toolchain/risc-v embedded gcc/bin/../lib/gcc/riscv-none-embed/8.2.0/../../../../riscv-none-embed/lib/rv32imacxw/ilp32\libg_nano.a(lib_a-sprintf.o)
                0x00000000000015da                siprintf
                0x00000000000015da                sprintf
 .text.__ssputs_r
                0x000000000000161e       0xde e:/riscvdown/mounriver/mounriver_studio/toolchain/risc-v embedded gcc/bin/../lib/gcc/riscv-none-embed/8.2.0/../../../../riscv-none-embed/lib/rv32imacxw/ilp32\libg_nano.a(lib_a-nano-svfprintf.o)
                0x000000000000161e                __ssputs_r
 .text._svfprintf_r
                0x00000000000016fc      0x260 e:/riscvdown/mounriver/mounriver_studio/toolchain/risc-v embedded gcc/bin/../lib/gcc/riscv-none-embed/8.2.0/../../../../riscv-none-embed/lib/rv32imacxw/ilp32\libg_nano.a(lib_a-nano-svfprintf.o)
                0x00000000000016fc                _svfiprintf_r
                0x00000000000016fc                _svfprintf_r
 .text._printf_common
                0x000000000000195c      0x10c e:/riscvdown/mounriver/mounriver_studio/toolchain/risc-v embedded gcc/bin/../lib/gcc/riscv-none-embed/8.2.0/../../../../riscv-none-embed/lib/rv32imacxw/ilp32\libg_nano.a(lib_a-nano-vfprintf_i.o)
                0x000000000000195c                _printf_common
 .text._printf_i
                0x0000000000001a68      0x2a0 e:/riscvdown/mounriver/mounriver_studio/toolchain/risc-v embedded gcc/bin/../lib/gcc/riscv-none-embed/8.2.0/../../../../riscv-none-embed/lib/rv32imacxw/ilp32\libg_nano.a(lib_a-nano-vfprintf_i.o)
                0x0000000000001a68                _printf_i
 .text.memchr   0x0000000000001d08       0x18 e:/riscvdown/mounriver/mounriver_studio/toolchain/risc-v embedded gcc/bin/../lib/gcc/riscv-none-embed/8.2.0/../../../../riscv-none-embed/lib/rv32imacxw/ilp32\libg_nano.a(lib_a-memchr.o)
                0x0000000000001d08                memchr
 .text.memcpy   0x0000000000001d20       0xb2 e:/riscvdown/mounriver/mounriver_studio/toolchain/risc-v embedded gcc/bin/../lib/gcc/riscv-none-embed/8.2.0/../../../../riscv-none-embed/lib/rv32imacxw/ilp32\libg_nano.a(lib_a-memcpy.o)
                0x0000000000001d20                memcpy
 .text.memmove  0x0000000000001dd2       0x46 e:/riscvdown/mounriver/mounriver_studio/toolchain/risc-v embedded gcc/bin/../lib/gcc/riscv-none-embed/8.2.0/../../../../riscv-none-embed/lib/rv32imacxw/ilp32\libg_nano.a(lib_a-memmove.o)
                0x0000000000001dd2                memmove
 .text._free_r  0x0000000000001e18       0xa4 e:/riscvdown/mounriver/mounriver_studio/toolchain/risc-v embedded gcc/bin/../lib/gcc/riscv-none-embed/8.2.0/../../../../riscv-none-embed/lib/rv32imacxw/ilp32\libg_nano.a(lib_a-nano-freer.o)
                0x0000000000001e18                _free_r
 .text._malloc_r
                0x0000000000001ebc       0xce e:/riscvdown/mounriver/mounriver_studio/toolchain/risc-v embedded gcc/bin/../lib/gcc/riscv-none-embed/8.2.0/../../../../riscv-none-embed/lib/rv32imacxw/ilp32\libg_nano.a(lib_a-nano-mallocr.o)
                0x0000000000001ebc                _malloc_r
 .text._realloc_r
                0x0000000000001f8a       0x4e e:/riscvdown/mounriver/mounriver_studio/toolchain/risc-v embedded gcc/bin/../lib/gcc/riscv-none-embed/8.2.0/../../../../riscv-none-embed/lib/rv32imacxw/ilp32\libg_nano.a(lib_a-nano-reallocr.o)
                0x0000000000001f8a                _realloc_r
 .text._sbrk_r  0x0000000000001fd8       0x2a e:/riscvdown/mounriver/mounriver_studio/toolchain/risc-v embedded gcc/bin/../lib/gcc/riscv-none-embed/8.2.0/../../../../riscv-none-embed/lib/rv32imacxw/ilp32\libg_nano.a(lib_a-sbrkr.o)
                0x0000000000001fd8                _sbrk_r
 .text.__malloc_lock
                0x0000000000002002        0x2 e:/riscvdown/mounriver/mounriver_studio/toolchain/risc-v embedded gcc/bin/../lib/gcc/riscv-none-embed/8.2.0/../../../../riscv-none-embed/lib/rv32imacxw/ilp32\libg_nano.a(lib_a-mlock.o)
                0x0000000000002002                __malloc_lock
 .text.__malloc_unlock
                0x0000000000002004        0x2 e:/riscvdown/mounriver/mounriver_studio/toolchain/risc-v embedded gcc/bin/../lib/gcc/riscv-none-embed/8.2.0/../../../../riscv-none-embed/lib/rv32imacxw/ilp32\libg_nano.a(lib_a-mlock.o)
                0x0000000000002004                __malloc_unlock
 .text._malloc_usable_size_r
                0x0000000000002006       0x14 e:/riscvdown/mounriver/mounriver_studio/toolchain/risc-v embedded gcc/bin/../lib/gcc/riscv-none-embed/8.2.0/../../../../riscv-none-embed/lib/rv32imacxw/ilp32\libg_nano.a(lib_a-nano-msizer.o)
                0x0000000000002006                _malloc_usable_size_r
 *(.rodata)
 *(.rodata*)
 *fill*         0x000000000000201a        0x2 
 .rodata.LED_INIT
                0x000000000000201c       0x34 ./User/leds.o
 .rodata.main.str1.4
                0x0000000000002050       0x36 ./User/main.o
 *fill*         0x0000000000002086        0x2 
 .rodata._svfprintf_r.str1.4
                0x0000000000002088       0x13 e:/riscvdown/mounriver/mounriver_studio/toolchain/risc-v embedded gcc/bin/../lib/gcc/riscv-none-embed/8.2.0/../../../../riscv-none-embed/lib/rv32imacxw/ilp32\libg_nano.a(lib_a-nano-svfprintf.o)
 *fill*         0x000000000000209b        0x1 
 .rodata._printf_i.str1.4
                0x000000000000209c       0x28 e:/riscvdown/mounriver/mounriver_studio/toolchain/risc-v embedded gcc/bin/../lib/gcc/riscv-none-embed/8.2.0/../../../../riscv-none-embed/lib/rv32imacxw/ilp32\libg_nano.a(lib_a-nano-vfprintf_i.o)
                                         0x25 (size before relaxing)
 *(.gnu.linkonce.t.*)
                0x00000000000020c4                . = ALIGN (0x4)

.rela.dyn       0x00000000000020c4        0x0
 .rela.init     0x00000000000020c4        0x0 ./User/ch32v30x_it.o
 .rela.vector   0x00000000000020c4        0x0 ./User/ch32v30x_it.o
 .rela.text.handle_reset
                0x00000000000020c4        0x0 ./User/ch32v30x_it.o
 .rela.text._sbrk
                0x00000000000020c4        0x0 ./User/ch32v30x_it.o
 .rela.sdata.curbrk.5221
                0x00000000000020c4        0x0 ./User/ch32v30x_it.o
 .rela.data.impure_data
                0x00000000000020c4        0x0 ./User/ch32v30x_it.o
 .rela.text._svfprintf_r
                0x00000000000020c4        0x0 ./User/ch32v30x_it.o
 .rela.text._sbrk_r
                0x00000000000020c4        0x0 ./User/ch32v30x_it.o

.fini           0x00000000000020c4        0x0
 *(SORT_NONE(.fini))
                0x00000000000020c4                . = ALIGN (0x4)
                [!provide]                        PROVIDE (_etext = .)
                [!provide]                        PROVIDE (_eitcm = .)

.preinit_array  0x00000000000020c4        0x0
                [!provide]                        PROVIDE (__preinit_array_start = .)
 *(.preinit_array)
                [!provide]                        PROVIDE (__preinit_array_end = .)

.init_array     0x00000000000020c4        0x0
                [!provide]                        PROVIDE (__init_array_start = .)
 *(SORT_BY_INIT_PRIORITY(.init_array.*) SORT_BY_INIT_PRIORITY(.ctors.*))
 *(.init_array EXCLUDE_FILE(*crtend?.o *crtend.o *crtbegin?.o *crtbegin.o) .ctors)
                [!provide]                        PROVIDE (__init_array_end = .)

.fini_array     0x00000000000020c4        0x0
                [!provide]                        PROVIDE (__fini_array_start = .)
 *(SORT_BY_INIT_PRIORITY(.fini_array.*) SORT_BY_INIT_PRIORITY(.dtors.*))
 *(.fini_array EXCLUDE_FILE(*crtend?.o *crtend.o *crtbegin?.o *crtbegin.o) .dtors)
                [!provide]                        PROVIDE (__fini_array_end = .)

.ctors
 *crtbegin.o(.ctors)
 *crtbegin?.o(.ctors)
 *(EXCLUDE_FILE(*crtend?.o *crtend.o) .ctors)
 *(SORT_BY_NAME(.ctors.*))
 *(.ctors)

.dtors
 *crtbegin.o(.dtors)
 *crtbegin?.o(.dtors)
 *(EXCLUDE_FILE(*crtend?.o *crtend.o) .dtors)
 *(SORT_BY_NAME(.dtors.*))
 *(.dtors)

.dalign         0x0000000020000000        0x0 load address 0x00000000000020c4
                0x0000000020000000                . = ALIGN (0x4)
                0x0000000020000000                PROVIDE (_data_vma = .)

.dlalign        0x00000000000020c4        0x0
                0x00000000000020c4                . = ALIGN (0x4)
                0x00000000000020c4                PROVIDE (_data_lma = .)

.data           0x0000000020000000       0x80 load address 0x00000000000020c4
 *(.gnu.linkonce.r.*)
 *(.data .data.*)
 .data.APBAHBPrescTable
                0x0000000020000000       0x10 ./Peripheral/src/ch32v30x_rcc.o
 .data.impure_data
                0x0000000020000010       0x60 e:/riscvdown/mounriver/mounriver_studio/toolchain/risc-v embedded gcc/bin/../lib/gcc/riscv-none-embed/8.2.0/../../../../riscv-none-embed/lib/rv32imacxw/ilp32\libg_nano.a(lib_a-impure.o)
 *(.gnu.linkonce.d.*)
                0x0000000020000070                . = ALIGN (0x8)
                0x0000000020000870                PROVIDE (__global_pointer$ = (. + 0x800))
 *(.sdata .sdata.*)
 .sdata.SystemCoreClock
                0x0000000020000070        0x4 ./User/system_ch32v30x.o
                0x0000000020000070                SystemCoreClock
 .sdata.ADCPrescTable
                0x0000000020000074        0x4 ./Peripheral/src/ch32v30x_rcc.o
 .sdata.curbrk.5221
                0x0000000020000078        0x4 ./Debug/debug.o
 .sdata._impure_ptr
                0x000000002000007c        0x4 e:/riscvdown/mounriver/mounriver_studio/toolchain/risc-v embedded gcc/bin/../lib/gcc/riscv-none-embed/8.2.0/../../../../riscv-none-embed/lib/rv32imacxw/ilp32\libg_nano.a(lib_a-impure.o)
                0x000000002000007c                _impure_ptr
 *(.sdata2.*)
 *(.gnu.linkonce.s.*)
                0x0000000020000080                . = ALIGN (0x8)
 *(.srodata.cst16)
 *(.srodata.cst8)
 *(.srodata.cst4)
 *(.srodata.cst2)
 *(.srodata .srodata.*)
                0x0000000020000080                . = ALIGN (0x4)
                0x0000000020000080                PROVIDE (_edata = .)

.bss            0x0000000020000080       0x7c load address 0x0000000000002144
                0x0000000020000080                . = ALIGN (0x4)
                0x0000000020000080                PROVIDE (_sbss = .)
 *(.sbss*)
 .sbss.count    0x0000000020000080        0x1 ./User/main.o
                0x0000000020000080                count
 .sbss.count2   0x0000000020000081        0x1 ./User/main.o
                0x0000000020000081                count2
 .sbss.flag     0x0000000020000082        0x1 ./User/main.o
                0x0000000020000082                flag
 .sbss.j        0x0000000020000083        0x1 ./User/main.o
                0x0000000020000083                j
 .sbss.k        0x0000000020000084        0x1 ./User/main.o
                0x0000000020000084                k
 *fill*         0x0000000020000085        0x3 
 .sbss.max      0x0000000020000088        0x4 ./User/main.o
                0x0000000020000088                max
 .sbss.min      0x000000002000008c        0x4 ./User/main.o
                0x000000002000008c                min
 .sbss.rev      0x0000000020000090        0x1 ./User/main.o
                0x0000000020000090                rev
 *fill*         0x0000000020000091        0x3 
 .sbss.NVIC_Priority_Group
                0x0000000020000094        0x4 ./Peripheral/src/ch32v30x_misc.o
                0x0000000020000094                NVIC_Priority_Group
 .sbss.p_ms     0x0000000020000098        0x2 ./Debug/debug.o
 .sbss.p_us     0x000000002000009a        0x1 ./Debug/debug.o
 *fill*         0x000000002000009b        0x1 
 .sbss.__malloc_free_list
                0x000000002000009c        0x4 e:/riscvdown/mounriver/mounriver_studio/toolchain/risc-v embedded gcc/bin/../lib/gcc/riscv-none-embed/8.2.0/../../../../riscv-none-embed/lib/rv32imacxw/ilp32\libg_nano.a(lib_a-nano-mallocr.o)
                0x000000002000009c                __malloc_free_list
 .sbss.__malloc_sbrk_start
                0x00000000200000a0        0x4 e:/riscvdown/mounriver/mounriver_studio/toolchain/risc-v embedded gcc/bin/../lib/gcc/riscv-none-embed/8.2.0/../../../../riscv-none-embed/lib/rv32imacxw/ilp32\libg_nano.a(lib_a-nano-mallocr.o)
                0x00000000200000a0                __malloc_sbrk_start
 *(.gnu.linkonce.sb.*)
 *(.bss*)
 .bss.a         0x00000000200000a4       0x28 ./User/main.o
                0x00000000200000a4                a
 .bss.ucTemp    0x00000000200000cc       0x2a ./User/main.o
                0x00000000200000cc                ucTemp
 *(.gnu.linkonce.b.*)
 *(COMMON*)
 *fill*         0x00000000200000f6        0x2 
 COMMON         0x00000000200000f8        0x4 e:/riscvdown/mounriver/mounriver_studio/toolchain/risc-v embedded gcc/bin/../lib/gcc/riscv-none-embed/8.2.0/../../../../riscv-none-embed/lib/rv32imacxw/ilp32\libg_nano.a(lib_a-reent.o)
                0x00000000200000f8                errno
                0x00000000200000fc                . = ALIGN (0x4)
                0x00000000200000fc                PROVIDE (_ebss = .)
                0x00000000200000fc                PROVIDE (_end = _ebss)
                [!provide]                        PROVIDE (end = .)

.stack          0x0000000020007800      0x800
                0x0000000020007800                PROVIDE (_heap_end = .)
                0x0000000020007800                . = ALIGN (0x4)
                [!provide]                        PROVIDE (_susrstack = .)
                0x0000000020008000                . = (. + __stack_size)
 *fill*         0x0000000020007800      0x800 
                0x0000000020008000                PROVIDE (_eusrstack = .)
OUTPUT(GPIO_Toggle.elf elf32-littleriscv)

.debug_info     0x0000000000000000     0xbf99
 .debug_info    0x0000000000000000      0x962 ./User/ch32v30x_it.o
 .debug_info    0x0000000000000962      0xecd ./User/keys.o
 .debug_info    0x000000000000182f      0xcdf ./User/leds.o
 .debug_info    0x000000000000250e     0x111b ./User/main.o
 .debug_info    0x0000000000003629      0xa67 ./User/rng.o
 .debug_info    0x0000000000004090      0xb89 ./User/system_ch32v30x.o
 .debug_info    0x0000000000004c19      0xc95 ./User/usart_hmi.o
 .debug_info    0x00000000000058ae       0x22 ./Startup/startup_ch32v30x_D8C.o
 .debug_info    0x00000000000058d0     0x1093 ./Peripheral/src/ch32v30x_gpio.o
 .debug_info    0x0000000000006963      0xf72 ./Peripheral/src/ch32v30x_misc.o
 .debug_info    0x00000000000078d5     0x156e ./Peripheral/src/ch32v30x_rcc.o
 .debug_info    0x0000000000008e43      0xb02 ./Peripheral/src/ch32v30x_rng.o
 .debug_info    0x0000000000009945     0x1420 ./Peripheral/src/ch32v30x_usart.o
 .debug_info    0x000000000000ad65     0x1234 ./Debug/debug.o

.debug_abbrev   0x0000000000000000     0x240d
 .debug_abbrev  0x0000000000000000      0x1cf ./User/ch32v30x_it.o
 .debug_abbrev  0x00000000000001cf      0x29e ./User/keys.o
 .debug_abbrev  0x000000000000046d      0x27c ./User/leds.o
 .debug_abbrev  0x00000000000006e9      0x303 ./User/main.o
 .debug_abbrev  0x00000000000009ec      0x27a ./User/rng.o
 .debug_abbrev  0x0000000000000c66      0x2c0 ./User/system_ch32v30x.o
 .debug_abbrev  0x0000000000000f26      0x298 ./User/usart_hmi.o
 .debug_abbrev  0x00000000000011be       0x12 ./Startup/startup_ch32v30x_D8C.o
 .debug_abbrev  0x00000000000011d0      0x309 ./Peripheral/src/ch32v30x_gpio.o
 .debug_abbrev  0x00000000000014d9      0x2fb ./Peripheral/src/ch32v30x_misc.o
 .debug_abbrev  0x00000000000017d4      0x351 ./Peripheral/src/ch32v30x_rcc.o
 .debug_abbrev  0x0000000000001b25      0x2c8 ./Peripheral/src/ch32v30x_rng.o
 .debug_abbrev  0x0000000000001ded      0x312 ./Peripheral/src/ch32v30x_usart.o
 .debug_abbrev  0x00000000000020ff      0x30e ./Debug/debug.o

.debug_aranges  0x0000000000000000      0x568
 .debug_aranges
                0x0000000000000000       0x28 ./User/ch32v30x_it.o
 .debug_aranges
                0x0000000000000028       0x28 ./User/keys.o
 .debug_aranges
                0x0000000000000050       0x20 ./User/leds.o
 .debug_aranges
                0x0000000000000070       0x30 ./User/main.o
 .debug_aranges
                0x00000000000000a0       0x30 ./User/rng.o
 .debug_aranges
                0x00000000000000d0       0x28 ./User/system_ch32v30x.o
 .debug_aranges
                0x00000000000000f8       0x38 ./User/usart_hmi.o
 .debug_aranges
                0x0000000000000130       0x30 ./Startup/startup_ch32v30x_D8C.o
 .debug_aranges
                0x0000000000000160       0xa8 ./Peripheral/src/ch32v30x_gpio.o
 .debug_aranges
                0x0000000000000208       0x28 ./Peripheral/src/ch32v30x_misc.o
 .debug_aranges
                0x0000000000000230      0x1a8 ./Peripheral/src/ch32v30x_rcc.o
 .debug_aranges
                0x00000000000003d8       0x48 ./Peripheral/src/ch32v30x_rng.o
 .debug_aranges
                0x0000000000000420      0x100 ./Peripheral/src/ch32v30x_usart.o
 .debug_aranges
                0x0000000000000520       0x48 ./Debug/debug.o

.debug_ranges   0x0000000000000000      0x500
 .debug_ranges  0x0000000000000000       0x18 ./User/ch32v30x_it.o
 .debug_ranges  0x0000000000000018       0x18 ./User/keys.o
 .debug_ranges  0x0000000000000030       0x10 ./User/leds.o
 .debug_ranges  0x0000000000000040       0x40 ./User/main.o
 .debug_ranges  0x0000000000000080       0x20 ./User/rng.o
 .debug_ranges  0x00000000000000a0       0x38 ./User/system_ch32v30x.o
 .debug_ranges  0x00000000000000d8       0x28 ./User/usart_hmi.o
 .debug_ranges  0x0000000000000100       0x28 ./Startup/startup_ch32v30x_D8C.o
 .debug_ranges  0x0000000000000128       0x98 ./Peripheral/src/ch32v30x_gpio.o
 .debug_ranges  0x00000000000001c0       0x48 ./Peripheral/src/ch32v30x_misc.o
 .debug_ranges  0x0000000000000208      0x198 ./Peripheral/src/ch32v30x_rcc.o
 .debug_ranges  0x00000000000003a0       0x38 ./Peripheral/src/ch32v30x_rng.o
 .debug_ranges  0x00000000000003d8       0xf0 ./Peripheral/src/ch32v30x_usart.o
 .debug_ranges  0x00000000000004c8       0x38 ./Debug/debug.o

.debug_line     0x0000000000000000     0x7e2f
 .debug_line    0x0000000000000000      0x24c ./User/ch32v30x_it.o
 .debug_line    0x000000000000024c      0x70a ./User/keys.o
 .debug_line    0x0000000000000956      0x829 ./User/leds.o
 .debug_line    0x000000000000117f      0xf25 ./User/main.o
 .debug_line    0x00000000000020a4      0x367 ./User/rng.o
 .debug_line    0x000000000000240b      0x75e ./User/system_ch32v30x.o
 .debug_line    0x0000000000002b69      0x63e ./User/usart_hmi.o
 .debug_line    0x00000000000031a7      0x37d ./Startup/startup_ch32v30x_D8C.o
 .debug_line    0x0000000000003524      0xd76 ./Peripheral/src/ch32v30x_gpio.o
 .debug_line    0x000000000000429a      0x503 ./Peripheral/src/ch32v30x_misc.o
 .debug_line    0x000000000000479d     0x19bb ./Peripheral/src/ch32v30x_rcc.o
 .debug_line    0x0000000000006158      0x45d ./Peripheral/src/ch32v30x_rng.o
 .debug_line    0x00000000000065b5     0x1095 ./Peripheral/src/ch32v30x_usart.o
 .debug_line    0x000000000000764a      0x7e5 ./Debug/debug.o

.debug_str      0x0000000000000000     0x1f5e
 .debug_str     0x0000000000000000      0x554 ./User/ch32v30x_it.o
                                        0x5b5 (size before relaxing)
 .debug_str     0x0000000000000554      0x20d ./User/keys.o
                                        0x79f (size before relaxing)
 .debug_str     0x0000000000000761       0x25 ./User/leds.o
                                        0x740 (size before relaxing)
 .debug_str     0x0000000000000786      0x1b8 ./User/main.o
                                        0x92a (size before relaxing)
 .debug_str     0x000000000000093e       0x52 ./User/rng.o
                                        0x621 (size before relaxing)
 .debug_str     0x0000000000000990      0x10b ./User/system_ch32v30x.o
                                        0x6cb (size before relaxing)
 .debug_str     0x0000000000000a9b       0x47 ./User/usart_hmi.o
                                        0x68a (size before relaxing)
 .debug_str     0x0000000000000ae2       0x55 ./Startup/startup_ch32v30x_D8C.o
                                         0x90 (size before relaxing)
 .debug_str     0x0000000000000b37      0x23f ./Peripheral/src/ch32v30x_gpio.o
                                        0x997 (size before relaxing)
 .debug_str     0x0000000000000d76      0x6db ./Peripheral/src/ch32v30x_misc.o
                                        0xcf1 (size before relaxing)
 .debug_str     0x0000000000001451      0x5dc ./Peripheral/src/ch32v30x_rcc.o
                                        0xcf0 (size before relaxing)
 .debug_str     0x0000000000001a2d       0xa5 ./Peripheral/src/ch32v30x_rng.o
                                        0x6b2 (size before relaxing)
 .debug_str     0x0000000000001ad2      0x3dc ./Peripheral/src/ch32v30x_usart.o
                                        0xb3d (size before relaxing)
 .debug_str     0x0000000000001eae       0xb0 ./Debug/debug.o
                                        0xf07 (size before relaxing)

.comment        0x0000000000000000       0x33
 .comment       0x0000000000000000       0x33 ./User/ch32v30x_it.o
                                         0x34 (size before relaxing)
 .comment       0x0000000000000033       0x34 ./User/keys.o
 .comment       0x0000000000000033       0x34 ./User/leds.o
 .comment       0x0000000000000033       0x34 ./User/main.o
 .comment       0x0000000000000033       0x34 ./User/rng.o
 .comment       0x0000000000000033       0x34 ./User/system_ch32v30x.o
 .comment       0x0000000000000033       0x34 ./User/usart_hmi.o
 .comment       0x0000000000000033       0x34 ./Peripheral/src/ch32v30x_gpio.o
 .comment       0x0000000000000033       0x34 ./Peripheral/src/ch32v30x_misc.o
 .comment       0x0000000000000033       0x34 ./Peripheral/src/ch32v30x_rcc.o
 .comment       0x0000000000000033       0x34 ./Peripheral/src/ch32v30x_rng.o
 .comment       0x0000000000000033       0x34 ./Peripheral/src/ch32v30x_usart.o
 .comment       0x0000000000000033       0x34 ./Debug/debug.o

.debug_frame    0x0000000000000000      0xe30
 .debug_frame   0x0000000000000000       0x30 ./User/ch32v30x_it.o
 .debug_frame   0x0000000000000030       0x5c ./User/keys.o
 .debug_frame   0x000000000000008c       0x38 ./User/leds.o
 .debug_frame   0x00000000000000c4       0x80 ./User/main.o
 .debug_frame   0x0000000000000144       0x6c ./User/rng.o
 .debug_frame   0x00000000000001b0       0x3c ./User/system_ch32v30x.o
 .debug_frame   0x00000000000001ec       0x98 ./User/usart_hmi.o
 .debug_frame   0x0000000000000284      0x148 ./Peripheral/src/ch32v30x_gpio.o
 .debug_frame   0x00000000000003cc       0x30 ./Peripheral/src/ch32v30x_misc.o
 .debug_frame   0x00000000000003fc      0x344 ./Peripheral/src/ch32v30x_rcc.o
 .debug_frame   0x0000000000000740       0x8c ./Peripheral/src/ch32v30x_rng.o
 .debug_frame   0x00000000000007cc      0x204 ./Peripheral/src/ch32v30x_usart.o
 .debug_frame   0x00000000000009d0       0x9c ./Debug/debug.o
 .debug_frame   0x0000000000000a6c       0x48 e:/riscvdown/mounriver/mounriver_studio/toolchain/risc-v embedded gcc/bin/../lib/gcc/riscv-none-embed/8.2.0/../../../../riscv-none-embed/lib/rv32imacxw/ilp32\libg_nano.a(lib_a-sprintf.o)
 .debug_frame   0x0000000000000ab4       0xe0 e:/riscvdown/mounriver/mounriver_studio/toolchain/risc-v embedded gcc/bin/../lib/gcc/riscv-none-embed/8.2.0/../../../../riscv-none-embed/lib/rv32imacxw/ilp32\libg_nano.a(lib_a-nano-svfprintf.o)
 .debug_frame   0x0000000000000b94       0x8c e:/riscvdown/mounriver/mounriver_studio/toolchain/risc-v embedded gcc/bin/../lib/gcc/riscv-none-embed/8.2.0/../../../../riscv-none-embed/lib/rv32imacxw/ilp32\libg_nano.a(lib_a-nano-vfprintf_i.o)
 .debug_frame   0x0000000000000c20       0x20 e:/riscvdown/mounriver/mounriver_studio/toolchain/risc-v embedded gcc/bin/../lib/gcc/riscv-none-embed/8.2.0/../../../../riscv-none-embed/lib/rv32imacxw/ilp32\libg_nano.a(lib_a-memchr.o)
 .debug_frame   0x0000000000000c40       0x20 e:/riscvdown/mounriver/mounriver_studio/toolchain/risc-v embedded gcc/bin/../lib/gcc/riscv-none-embed/8.2.0/../../../../riscv-none-embed/lib/rv32imacxw/ilp32\libg_nano.a(lib_a-memcpy.o)
 .debug_frame   0x0000000000000c60       0x20 e:/riscvdown/mounriver/mounriver_studio/toolchain/risc-v embedded gcc/bin/../lib/gcc/riscv-none-embed/8.2.0/../../../../riscv-none-embed/lib/rv32imacxw/ilp32\libg_nano.a(lib_a-memmove.o)
 .debug_frame   0x0000000000000c80       0x40 e:/riscvdown/mounriver/mounriver_studio/toolchain/risc-v embedded gcc/bin/../lib/gcc/riscv-none-embed/8.2.0/../../../../riscv-none-embed/lib/rv32imacxw/ilp32\libg_nano.a(lib_a-nano-freer.o)
 .debug_frame   0x0000000000000cc0       0x40 e:/riscvdown/mounriver/mounriver_studio/toolchain/risc-v embedded gcc/bin/../lib/gcc/riscv-none-embed/8.2.0/../../../../riscv-none-embed/lib/rv32imacxw/ilp32\libg_nano.a(lib_a-nano-mallocr.o)
 .debug_frame   0x0000000000000d00       0x40 e:/riscvdown/mounriver/mounriver_studio/toolchain/risc-v embedded gcc/bin/../lib/gcc/riscv-none-embed/8.2.0/../../../../riscv-none-embed/lib/rv32imacxw/ilp32\libg_nano.a(lib_a-nano-reallocr.o)
 .debug_frame   0x0000000000000d40       0x30 e:/riscvdown/mounriver/mounriver_studio/toolchain/risc-v embedded gcc/bin/../lib/gcc/riscv-none-embed/8.2.0/../../../../riscv-none-embed/lib/rv32imacxw/ilp32\libg_nano.a(lib_a-sbrkr.o)
 .debug_frame   0x0000000000000d70       0x30 e:/riscvdown/mounriver/mounriver_studio/toolchain/risc-v embedded gcc/bin/../lib/gcc/riscv-none-embed/8.2.0/../../../../riscv-none-embed/lib/rv32imacxw/ilp32\libg_nano.a(lib_a-mlock.o)
 .debug_frame   0x0000000000000da0       0x20 e:/riscvdown/mounriver/mounriver_studio/toolchain/risc-v embedded gcc/bin/../lib/gcc/riscv-none-embed/8.2.0/../../../../riscv-none-embed/lib/rv32imacxw/ilp32\libg_nano.a(lib_a-nano-msizer.o)
 .debug_frame   0x0000000000000dc0       0x70 e:/riscvdown/mounriver/mounriver_studio/toolchain/risc-v embedded gcc/bin/../lib/gcc/riscv-none-embed/8.2.0/../../../../riscv-none-embed/lib/rv32imacxw/ilp32\libg_nano.a(lib_a-reent.o)

.debug_loc      0x0000000000000000     0x1f88
 .debug_loc     0x0000000000000000       0xb9 ./User/keys.o
 .debug_loc     0x00000000000000b9       0x2c ./User/leds.o
 .debug_loc     0x00000000000000e5      0x115 ./User/main.o
 .debug_loc     0x00000000000001fa       0x49 ./User/rng.o
 .debug_loc     0x0000000000000243       0xda ./User/system_ch32v30x.o
 .debug_loc     0x000000000000031d       0x9b ./User/usart_hmi.o
 .debug_loc     0x00000000000003b8      0x670 ./Peripheral/src/ch32v30x_gpio.o
 .debug_loc     0x0000000000000a28       0xce ./Peripheral/src/ch32v30x_misc.o
 .debug_loc     0x0000000000000af6      0xadb ./Peripheral/src/ch32v30x_rcc.o
 .debug_loc     0x00000000000015d1       0xa8 ./Peripheral/src/ch32v30x_rng.o
 .debug_loc     0x0000000000001679      0x7bb ./Peripheral/src/ch32v30x_usart.o
 .debug_loc     0x0000000000001e34      0x154 ./Debug/debug.o
