Archive member included to satisfy reference by file (symbol)

e:/riscvdown/mounriver/mounriver_studio/toolchain/risc-v embedded gcc/bin/../lib/gcc/riscv-none-embed/8.2.0/rv32imacxw/ilp32\libgcc.a(save-restore.o)
                              ./User/main.o (__riscv_save_11)
e:/riscvdown/mounriver/mounriver_studio/toolchain/risc-v embedded gcc/bin/../lib/gcc/riscv-none-embed/8.2.0/../../../../riscv-none-embed/lib/rv32imacxw/ilp32\libg_nano.a(lib_a-memset.o)
                              ./User/main.o (memset)
e:/riscvdown/mounriver/mounriver_studio/toolchain/risc-v embedded gcc/bin/../lib/gcc/riscv-none-embed/8.2.0/../../../../riscv-none-embed/lib/rv32imacxw/ilp32\libg_nano.a(lib_a-sprintf.o)
                              ./User/main.o (sprintf)
e:/riscvdown/mounriver/mounriver_studio/toolchain/risc-v embedded gcc/bin/../lib/gcc/riscv-none-embed/8.2.0/../../../../riscv-none-embed/lib/rv32imacxw/ilp32\libg_nano.a(lib_a-impure.o)
                              e:/riscvdown/mounriver/mounriver_studio/toolchain/risc-v embedded gcc/bin/../lib/gcc/riscv-none-embed/8.2.0/../../../../riscv-none-embed/lib/rv32imacxw/ilp32\libg_nano.a(lib_a-sprintf.o) (_impure_ptr)
e:/riscvdown/mounriver/mounriver_studio/toolchain/risc-v embedded gcc/bin/../lib/gcc/riscv-none-embed/8.2.0/../../../../riscv-none-embed/lib/rv32imacxw/ilp32\libg_nano.a(lib_a-nano-svfprintf.o)
                              e:/riscvdown/mounriver/mounriver_studio/toolchain/risc-v embedded gcc/bin/../lib/gcc/riscv-none-embed/8.2.0/../../../../riscv-none-embed/lib/rv32imacxw/ilp32\libg_nano.a(lib_a-sprintf.o) (_svfprintf_r)
e:/riscvdown/mounriver/mounriver_studio/toolchain/risc-v embedded gcc/bin/../lib/gcc/riscv-none-embed/8.2.0/../../../../riscv-none-embed/lib/rv32imacxw/ilp32\libg_nano.a(lib_a-nano-vfprintf_i.o)
                              e:/riscvdown/mounriver/mounriver_studio/toolchain/risc-v embedded gcc/bin/../lib/gcc/riscv-none-embed/8.2.0/../../../../riscv-none-embed/lib/rv32imacxw/ilp32\libg_nano.a(lib_a-nano-svfprintf.o) (_printf_i)
e:/riscvdown/mounriver/mounriver_studio/toolchain/risc-v embedded gcc/bin/../lib/gcc/riscv-none-embed/8.2.0/../../../../riscv-none-embed/lib/rv32imacxw/ilp32\libg_nano.a(lib_a-memchr.o)
                              e:/riscvdown/mounriver/mounriver_studio/toolchain/risc-v embedded gcc/bin/../lib/gcc/riscv-none-embed/8.2.0/../../../../riscv-none-embed/lib/rv32imacxw/ilp32\libg_nano.a(lib_a-nano-svfprintf.o) (memchr)
e:/riscvdown/mounriver/mounriver_studio/toolchain/risc-v embedded gcc/bin/../lib/gcc/riscv-none-embed/8.2.0/../../../../riscv-none-embed/lib/rv32imacxw/ilp32\libg_nano.a(lib_a-memcpy.o)
                              e:/riscvdown/mounriver/mounriver_studio/toolchain/risc-v embedded gcc/bin/../lib/gcc/riscv-none-embed/8.2.0/../../../../riscv-none-embed/lib/rv32imacxw/ilp32\libg_nano.a(lib_a-nano-svfprintf.o) (memcpy)
e:/riscvdown/mounriver/mounriver_studio/toolchain/risc-v embedded gcc/bin/../lib/gcc/riscv-none-embed/8.2.0/../../../../riscv-none-embed/lib/rv32imacxw/ilp32\libg_nano.a(lib_a-memmove.o)
                              e:/riscvdown/mounriver/mounriver_studio/toolchain/risc-v embedded gcc/bin/../lib/gcc/riscv-none-embed/8.2.0/../../../../riscv-none-embed/lib/rv32imacxw/ilp32\libg_nano.a(lib_a-nano-svfprintf.o) (memmove)
e:/riscvdown/mounriver/mounriver_studio/toolchain/risc-v embedded gcc/bin/../lib/gcc/riscv-none-embed/8.2.0/../../../../riscv-none-embed/lib/rv32imacxw/ilp32\libg_nano.a(lib_a-nano-freer.o)
                              e:/riscvdown/mounriver/mounriver_studio/toolchain/risc-v embedded gcc/bin/../lib/gcc/riscv-none-embed/8.2.0/../../../../riscv-none-embed/lib/rv32imacxw/ilp32\libg_nano.a(lib_a-nano-svfprintf.o) (_free_r)
e:/riscvdown/mounriver/mounriver_studio/toolchain/risc-v embedded gcc/bin/../lib/gcc/riscv-none-embed/8.2.0/../../../../riscv-none-embed/lib/rv32imacxw/ilp32\libg_nano.a(lib_a-nano-mallocr.o)
                              e:/riscvdown/mounriver/mounriver_studio/toolchain/risc-v embedded gcc/bin/../lib/gcc/riscv-none-embed/8.2.0/../../../../riscv-none-embed/lib/rv32imacxw/ilp32\libg_nano.a(lib_a-nano-svfprintf.o) (_malloc_r)
e:/riscvdown/mounriver/mounriver_studio/toolchain/risc-v embedded gcc/bin/../lib/gcc/riscv-none-embed/8.2.0/../../../../riscv-none-embed/lib/rv32imacxw/ilp32\libg_nano.a(lib_a-nano-reallocr.o)
                              e:/riscvdown/mounriver/mounriver_studio/toolchain/risc-v embedded gcc/bin/../lib/gcc/riscv-none-embed/8.2.0/../../../../riscv-none-embed/lib/rv32imacxw/ilp32\libg_nano.a(lib_a-nano-svfprintf.o) (_realloc_r)
e:/riscvdown/mounriver/mounriver_studio/toolchain/risc-v embedded gcc/bin/../lib/gcc/riscv-none-embed/8.2.0/../../../../riscv-none-embed/lib/rv32imacxw/ilp32\libg_nano.a(lib_a-sbrkr.o)
                              e:/riscvdown/mounriver/mounriver_studio/toolchain/risc-v embedded gcc/bin/../lib/gcc/riscv-none-embed/8.2.0/../../../../riscv-none-embed/lib/rv32imacxw/ilp32\libg_nano.a(lib_a-nano-mallocr.o) (_sbrk_r)
[...]
Memory Configuration

Name             Origin             Length             Attributes
FLASH            0x0000000000000000 0x0000000000048000 xr
RAM              0x0000000020000000 0x0000000000008000 xrw
*default*        0x0000000000000000 0xffffffffffffffff

Linker script and memory map

LOAD ./User/ch32v30x_it.o
LOAD ./User/keys.o
LOAD ./User/leds.o
LOAD ./User/main.o
LOAD ./User/oled.o
LOAD ./User/rng.o
LOAD ./User/system_ch32v30x.o
LOAD ./User/usart_hmi.o
LOAD ./Startup/startup_ch32v30x_D8C.o
LOAD ./Peripheral/src/ch32v30x_adc.o
LOAD ./Peripheral/src/ch32v30x_bkp.o
LOAD ./Peripheral/src/ch32v30x_can.o
LOAD ./Peripheral/src/ch32v30x_crc.o
LOAD ./Peripheral/src/ch32v30x_dac.o
LOAD ./Peripheral/src/ch32v30x_dbgmcu.o
LOAD ./Peripheral/src/ch32v30x_dma.o
LOAD ./Peripheral/src/ch32v30x_dvp.o
LOAD ./Peripheral/src/ch32v30x_eth.o
LOAD ./Peripheral/src/ch32v30x_exti.o
LOAD ./Peripheral/src/ch32v30x_flash.o
LOAD ./Peripheral/src/ch32v30x_fsmc.o
LOAD ./Peripheral/src/ch32v30x_gpio.o
LOAD ./Peripheral/src/ch32v30x_i2c.o
LOAD ./Peripheral/src/ch32v30x_iwdg.o
LOAD ./Peripheral/src/ch32v30x_misc.o
LOAD ./Peripheral/src/ch32v30x_opa.o
LOAD ./Peripheral/src/ch32v30x_pwr.o
LOAD ./Peripheral/src/ch32v30x_rcc.o
LOAD ./Peripheral/src/ch32v30x_rng.o
LOAD ./Peripheral/src/ch32v30x_rtc.o
LOAD ./Peripheral/src/ch32v30x_sdio.o
LOAD ./Peripheral/src/ch32v30x_spi.o
LOAD ./Peripheral/src/ch32v30x_tim.o
LOAD ./Peripheral/src/ch32v30x_usart.o
LOAD ./Peripheral/src/ch32v30x_wwdg.o
LOAD ./Debug/debug.o
LOAD ./Core/core_riscv.o
LOAD e:/riscvdown/mounriver/mounriver_studio/toolchain/risc-v embedded gcc/bin/../lib/gcc/riscv-none-embed/8.2.0/../../../../riscv-none-embed/lib/rv32imacxw/ilp32\libm.a
LOAD e:/riscvdown/mounriver/mounriver_studio/toolchain/risc-v embedded gcc/bin/../lib/gcc/riscv-none-embed/8.2.0/rv32imacxw/ilp32\libgcc.a
LOAD e:/riscvdown/mounriver/mounriver_studio/toolchain/risc-v embedded gcc/bin/../lib/gcc/riscv-none-embed/8.2.0/../../../../riscv-none-embed/lib/rv32imacxw/ilp32\libg_nano.a
LOAD e:/riscvdown/mounriver/mounriver_studio/toolchain/risc-v embedded gcc/bin/../lib/gcc/riscv-none-embed/8.2.0/../../../../riscv-none-embed/lib/rv32imacxw/ilp32\libc_nano.a
LOAD e:/riscvdown/mounriver/mounriver_studio/toolchain/risc-v embedded gcc/bin/../lib/gcc/riscv-none-embed/8.2.0/rv32imacxw/ilp32\libgcc.a
START GROUP
LOAD e:/riscvdown/mounriver/mounriver_studio/toolchain/risc-v embedded gcc/bin/../lib/gcc/riscv-none-embed/8.2.0/rv32imacxw/ilp32\libgcc.a
LOAD e:/riscvdown/mounriver/mounriver_studio/toolchain/risc-v embedded gcc/bin/../lib/gcc/riscv-none-embed/8.2.0/../../../../riscv-none-embed/lib/rv32imacxw/ilp32\libc_nano.a
LOAD e:/riscvdown/mounriver/mounriver_studio/toolchain/risc-v embedded gcc/bin/../lib/gcc/riscv-none-embed/8.2.0/../../../../riscv-none-embed/lib/rv32imacxw/ilp32\libnosys.a
END GROUP
START GROUP
LOAD e:/riscvdown/mounriver/mounriver_studio/toolchain/risc-v embedded gcc/bin/../lib/gcc/riscv-none-embed/8.2.0/rv32imacxw/ilp32\libgcc.a
LOAD e:/riscvdown/mounriver/mounriver_studio/toolchain/risc-v embedded gcc/bin/../lib/gcc/riscv-none-embed/8.2.0/../../../../riscv-none-embed/lib/rv32imacxw/ilp32\libc_nano.a
LOAD e:/riscvdown/mounriver/mounriver_studio/toolchain/risc-v embedded gcc/bin/../lib/gcc/riscv-none-embed/8.2.0/../../../../riscv-none-embed/lib/rv32imacxw/ilp32\libnosys.a
END GROUP
                0x0000000000000800                __stack_size = 0x800
                [!provide]                        PROVIDE (_stack_size = __stack_size)

.init           0x0000000000000000       0x38
                0x0000000000000000                _sinit = .
                0x0000000000000000                . = ALIGN (0x4)
 *(SORT_NONE(.init))
 .init          0x0000000000000000       0x38 ./Startup/startup_ch32v30x_D8C.o
                0x0000000000000000                _start
                0x0000000000000038                . = ALIGN (0x4)
                0x0000000000000038                _einit = .

.vector         0x0000000000000038      0x1c8
 *(.vector)
 .vector        0x0000000000000038      0x1a0 ./Startup/startup_ch32v30x_D8C.o
                0x0000000000000200                . = ALIGN (0x40)
 *fill*         0x00000000000001d8       0x28 

.text           0x0000000000000200     0x1f80
                0x0000000000000200                . = ALIGN (0x4)
 *(.text)
 .text          0x0000000000000200       0x60 e:/riscvdown/mounriver/mounriver_studio/toolchain/risc-v embedded gcc/bin/../lib/gcc/riscv-none-embed/8.2.0/rv32imacxw/ilp32\libgcc.a(save-restore.o)
                0x0000000000000200                __riscv_save_12
                0x0000000000000208                __riscv_save_9
                0x0000000000000208                __riscv_save_11
                0x0000000000000208                __riscv_save_10
                0x0000000000000208                __riscv_save_8
                0x0000000000000216                __riscv_save_4
                0x0000000000000216                __riscv_save_6
                0x0000000000000216                __riscv_save_5
                0x0000000000000216                __riscv_save_7
                0x0000000000000230                __riscv_save_3
                0x0000000000000230                __riscv_save_2
                0x0000000000000230                __riscv_save_1
                0x0000000000000230                __riscv_save_0
                0x000000000000023c                __riscv_restore_12
                0x0000000000000240                __riscv_restore_11
                0x0000000000000240                __riscv_restore_9
                0x0000000000000240                __riscv_restore_10
                0x0000000000000240                __riscv_restore_8
                0x000000000000024a                __riscv_restore_5
                0x000000000000024a                __riscv_restore_7
                0x000000000000024a                __riscv_restore_6
                0x000000000000024a                __riscv_restore_4
                0x0000000000000254                __riscv_restore_3
                0x0000000000000254                __riscv_restore_0
                0x0000000000000254                __riscv_restore_2
                0x0000000000000254                __riscv_restore_1
 .text          0x0000000000000260       0xa8 e:/riscvdown/mounriver/mounriver_studio/toolchain/risc-v embedded gcc/bin/../lib/gcc/riscv-none-embed/8.2.0/../../../../riscv-none-embed/lib/rv32imacxw/ilp32\libg_nano.a(lib_a-memset.o)
                0x0000000000000260                memset
 *(.text.*)
 .text.NMI_Handler
                0x0000000000000308        0x4 ./User/ch32v30x_it.o
                0x0000000000000308                NMI_Handler
 .text.HardFault_Handler
                0x000000000000030c        0x2 ./User/ch32v30x_it.o
                0x000000000000030c                HardFault_Handler
 .text.Matrix_ssKey_Pin_Init
                0x000000000000030e       0x46 ./User/keys.o
                0x000000000000030e                Matrix_ssKey_Pin_Init
 .text.Matrix_Key_Scan
                0x0000000000000354      0x288 ./User/keys.o
                0x0000000000000354                Matrix_Key_Scan
 .text.LED_INIT
                0x00000000000005dc      0x1ec ./User/leds.o
                0x00000000000005dc                LED_INIT
 .text.USART1_IRQHandler
                0x00000000000007c8       0xaa ./User/main.o
                0x00000000000007c8                USART1_IRQHandler
 .text.GPIO_Toggle_INIT
                0x0000000000000872       0x32 ./User/main.o
                0x0000000000000872                GPIO_Toggle_INIT
 .text.FMQ_INIT
                0x00000000000008a4       0x52 ./User/main.o
                0x00000000000008a4                FMQ_INIT
 .text.startup.main
                0x00000000000008f6      0x3fc ./User/main.o
                0x00000000000008f6                main
 .text.RNG_Init
                0x0000000000000cf2       0x14 ./User/rng.o
                0x0000000000000cf2                RNG_Init
 .text.RNG_Get_RandomRange
                0x0000000000000d06       0x1e ./User/rng.o
                0x0000000000000d06                RNG_Get_RandomRange
 .text.RNG_Ready
                0x0000000000000d24        0xe ./User/rng.o
                0x0000000000000d24                RNG_Ready
 .text.SystemInit
                0x0000000000000d32       0xfa ./User/system_ch32v30x.o
                0x0000000000000d32                SystemInit
 .text.delay    0x0000000000000e2c       0x14 ./User/usart_hmi.o
                0x0000000000000e2c                delay
 .text.HMISendInit
                0x0000000000000e40       0x86 ./User/usart_hmi.o
                0x0000000000000e40                HMISendInit
 .text.HMISends
                0x0000000000000ec6       0x38 ./User/usart_hmi.o
                0x0000000000000ec6                HMISends
 .text.HMISendb
                0x0000000000000efe       0x38 ./User/usart_hmi.o
                0x0000000000000efe                HMISendb
 .text.vector_handler
                0x0000000000000f36       0xbe ./Startup/startup_ch32v30x_D8C.o
                0x0000000000000f3a                Ecall_M_Mode_Handler
                0x0000000000000f3c                Ecall_U_Mode_Handler
                0x0000000000000f3e                Break_Point_Handler
                0x0000000000000f40                SysTick_Handler
                0x0000000000000f42                SW_Handler
                0x0000000000000f44                WWDG_IRQHandler
                0x0000000000000f46                PVD_IRQHandler
                0x0000000000000f48                TAMPER_IRQHandler
                0x0000000000000f4a                RTC_IRQHandler
                0x0000000000000f4c                FLASH_IRQHandler
                0x0000000000000f4e                RCC_IRQHandler
                0x0000000000000f50                EXTI0_IRQHandler
                0x0000000000000f52                EXTI1_IRQHandler
                0x0000000000000f54                EXTI2_IRQHandler
                0x0000000000000f56                EXTI3_IRQHandler
                0x0000000000000f58                EXTI4_IRQHandler
                0x0000000000000f5a                DMA1_Channel1_IRQHandler
                0x0000000000000f5c                DMA1_Channel2_IRQHandler
                0x0000000000000f5e                DMA1_Channel3_IRQHandler
                0x0000000000000f60                DMA1_Channel4_IRQHandler
                0x0000000000000f62                DMA1_Channel5_IRQHandler
                0x0000000000000f64                DMA1_Channel6_IRQHandler
                0x0000000000000f66                DMA1_Channel7_IRQHandler
                0x0000000000000f68                ADC1_2_IRQHandler
                0x0000000000000f6a                USB_HP_CAN1_TX_IRQHandler
                0x0000000000000f6c                USB_LP_CAN1_RX0_IRQHandler
                0x0000000000000f6e                CAN1_RX1_IRQHandler
                0x0000000000000f70                CAN1_SCE_IRQHandler
                0x0000000000000f72                EXTI9_5_IRQHandler
                0x0000000000000f74                TIM1_BRK_IRQHandler
                0x0000000000000f76                TIM1_UP_IRQHandler
                0x0000000000000f78                TIM1_TRG_COM_IRQHandler
                0x0000000000000f7a                TIM1_CC_IRQHandler
                0x0000000000000f7c                TIM2_IRQHandler
                0x0000000000000f7e                TIM3_IRQHandler
                0x0000000000000f80                TIM4_IRQHandler
                0x0000000000000f82                I2C1_EV_IRQHandler
                0x0000000000000f84                I2C1_ER_IRQHandler
                0x0000000000000f86                I2C2_EV_IRQHandler
                0x0000000000000f88                I2C2_ER_IRQHandler
                0x0000000000000f8a                SPI1_IRQHandler
                0x0000000000000f8c                SPI2_IRQHandler
                0x0000000000000f90                USART2_IRQHandler
                0x0000000000000f92                USART3_IRQHandler
                0x0000000000000f94                EXTI15_10_IRQHandler
                0x0000000000000f96                RTCAlarm_IRQHandler
                0x0000000000000f98                USBWakeUp_IRQHandler
                0x0000000000000f9a                TIM8_BRK_IRQHandler
                0x0000000000000f9c                TIM8_UP_IRQHandler
                0x0000000000000f9e                TIM8_TRG_COM_IRQHandler
                0x0000000000000fa0                TIM8_CC_IRQHandler
                0x0000000000000fa2                RNG_IRQHandler
                0x0000000000000fa4                FSMC_IRQHandler
                0x0000000000000fa6                SDIO_IRQHandler
                0x0000000000000fa8                TIM5_IRQHandler
                0x0000000000000faa                SPI3_IRQHandler
                0x0000000000000fac                UART4_IRQHandler
                0x0000000000000fae                UART5_IRQHandler
                0x0000000000000fb0                TIM6_IRQHandler
                0x0000000000000fb2                TIM7_IRQHandler
                0x0000000000000fb4                DMA2_Channel1_IRQHandler
                0x0000000000000fb6                DMA2_Channel2_IRQHandler
                0x0000000000000fb8                DMA2_Channel3_IRQHandler
                0x0000000000000fba                DMA2_Channel4_IRQHandler
                0x0000000000000fbc                DMA2_Channel5_IRQHandler
                0x0000000000000fbe                ETH_IRQHandler
                0x0000000000000fc0                ETH_WKUP_IRQHandler
                0x0000000000000fc2                CAN2_TX_IRQHandler
                0x0000000000000fc4                CAN2_RX0_IRQHandler
                0x0000000000000fc6                CAN2_RX1_IRQHandler
                0x0000000000000fc8                CAN2_SCE_IRQHandler
                0x0000000000000fca                OTG_FS_IRQHandler
                0x0000000000000fcc                USBHSWakeup_IRQHandler
                0x0000000000000fce                USBHS_IRQHandler
                0x0000000000000fd0                DVP_IRQHandler
                0x0000000000000fd2                UART6_IRQHandler
                0x0000000000000fd4                UART7_IRQHandler
                0x0000000000000fd6                UART8_IRQHandler
                0x0000000000000fd8                TIM9_BRK_IRQHandler
                0x0000000000000fda                TIM9_UP_IRQHandler
                0x0000000000000fdc                TIM9_TRG_COM_IRQHandler
                0x0000000000000fde                TIM9_CC_IRQHandler
                0x0000000000000fe0                TIM10_BRK_IRQHandler
                0x0000000000000fe2                TIM10_UP_IRQHandler
                0x0000000000000fe4                TIM10_TRG_COM_IRQHandler
                0x0000000000000fe6                TIM10_CC_IRQHandler
                0x0000000000000fe8                DMA2_Channel6_IRQHandler
                0x0000000000000fea                DMA2_Channel7_IRQHandler
                0x0000000000000fec                DMA2_Channel8_IRQHandler
                0x0000000000000fee                DMA2_Channel9_IRQHandler
                0x0000000000000ff0                DMA2_Channel10_IRQHandler
                0x0000000000000ff2                DMA2_Channel11_IRQHandler
 .text.handle_reset
                0x0000000000000ff4       0x8a ./Startup/startup_ch32v30x_D8C.o
                0x0000000000000ff4                handle_reset
 .text.GPIO_Init
                0x000000000000107e       0xc0 ./Peripheral/src/ch32v30x_gpio.o
                0x000000000000107e                GPIO_Init
 .text.GPIO_ReadInputData
                0x000000000000113e        0x8 ./Peripheral/src/ch32v30x_gpio.o
                0x000000000000113e                GPIO_ReadInputData
 .text.GPIO_SetBits
                0x0000000000001146        0x4 ./Peripheral/src/ch32v30x_gpio.o
                0x0000000000001146                GPIO_SetBits
 .text.GPIO_ResetBits
                0x000000000000114a        0x4 ./Peripheral/src/ch32v30x_gpio.o
                0x000000000000114a                GPIO_ResetBits
 .text.GPIO_WriteBit
                0x000000000000114e        0xa ./Peripheral/src/ch32v30x_gpio.o
                0x000000000000114e                GPIO_WriteBit
 .text.GPIO_Write
                0x0000000000001158        0x4 ./Peripheral/src/ch32v30x_gpio.o
                0x0000000000001158                GPIO_Write
 .text.NVIC_PriorityGroupConfig
                0x000000000000115c        0x6 ./Peripheral/src/ch32v30x_misc.o
                0x000000000000115c                NVIC_PriorityGroupConfig
 .text.NVIC_Init
                0x0000000000001162       0xa6 ./Peripheral/src/ch32v30x_misc.o
                0x0000000000001162                NVIC_Init
 .text.RCC_GetClocksFreq
                0x0000000000001208      0x176 ./Peripheral/src/ch32v30x_rcc.o
                0x0000000000001208                RCC_GetClocksFreq
 .text.RCC_AHBPeriphClockCmd
                0x000000000000137e       0x1e ./Peripheral/src/ch32v30x_rcc.o
                0x000000000000137e                RCC_AHBPeriphClockCmd
 .text.RCC_APB2PeriphClockCmd
                0x000000000000139c       0x1e ./Peripheral/src/ch32v30x_rcc.o
                0x000000000000139c                RCC_APB2PeriphClockCmd
 .text.RNG_Cmd  0x00000000000013ba       0x18 ./Peripheral/src/ch32v30x_rng.o
                0x00000000000013ba                RNG_Cmd
 .text.RNG_GetRandomNumber
                0x00000000000013d2        0xa ./Peripheral/src/ch32v30x_rng.o
                0x00000000000013d2                RNG_GetRandomNumber
 .text.RNG_GetFlagStatus
                0x00000000000013dc       0x12 ./Peripheral/src/ch32v30x_rng.o
                0x00000000000013dc                RNG_GetFlagStatus
 .text.USART_Init
                0x00000000000013ee       0xba ./Peripheral/src/ch32v30x_usart.o
                0x00000000000013ee                USART_Init
 .text.USART_Cmd
                0x00000000000014a8       0x16 ./Peripheral/src/ch32v30x_usart.o
                0x00000000000014a8                USART_Cmd
 .text.USART_ITConfig
                0x00000000000014be       0x36 ./Peripheral/src/ch32v30x_usart.o
                0x00000000000014be                USART_ITConfig
 .text.USART_SendData
                0x00000000000014f4        0x8 ./Peripheral/src/ch32v30x_usart.o
                0x00000000000014f4                USART_SendData
 .text.USART_ReceiveData
                0x00000000000014fc        0x8 ./Peripheral/src/ch32v30x_usart.o
                0x00000000000014fc                USART_ReceiveData
 .text.USART_GetFlagStatus
                0x0000000000001504        0xa ./Peripheral/src/ch32v30x_usart.o
                0x0000000000001504                USART_GetFlagStatus
 .text.USART_GetITStatus
                0x000000000000150e       0x3c ./Peripheral/src/ch32v30x_usart.o
                0x000000000000150e                USART_GetITStatus
 .text.Delay_Init
                0x000000000000154a       0x2a ./Debug/debug.o
                0x000000000000154a                Delay_Init
 .text.Delay_Us
                0x0000000000001574       0x36 ./Debug/debug.o
                0x0000000000001574                Delay_Us
 .text.Delay_Ms
                0x00000000000015aa       0x36 ./Debug/debug.o
                0x00000000000015aa                Delay_Ms
 .text.USART_Printf_Init
                0x00000000000015e0       0x90 ./Debug/debug.o
                0x00000000000015e0                USART_Printf_Init
 .text._sbrk    0x0000000000001670       0x26 ./Debug/debug.o
                0x0000000000001670                _sbrk
 .text.sprintf  0x0000000000001696       0x44 e:/riscvdown/mounriver/mounriver_studio/toolchain/risc-v embedded gcc/bin/../lib/gcc/riscv-none-embed/8.2.0/../../../../riscv-none-embed/lib/rv32imacxw/ilp32\libg_nano.a(lib_a-sprintf.o)
                0x0000000000001696                siprintf
                0x0000000000001696                sprintf
 .text.__ssputs_r
                0x00000000000016da       0xde e:/riscvdown/mounriver/mounriver_studio/toolchain/risc-v embedded gcc/bin/../lib/gcc/riscv-none-embed/8.2.0/../../../../riscv-none-embed/lib/rv32imacxw/ilp32\libg_nano.a(lib_a-nano-svfprintf.o)
                0x00000000000016da                __ssputs_r
 .text._svfprintf_r
                0x00000000000017b8      0x260 e:/riscvdown/mounriver/mounriver_studio/toolchain/risc-v embedded gcc/bin/../lib/gcc/riscv-none-embed/8.2.0/../../../../riscv-none-embed/lib/rv32imacxw/ilp32\libg_nano.a(lib_a-nano-svfprintf.o)
                0x00000000000017b8                _svfiprintf_r
                0x00000000000017b8                _svfprintf_r
 .text._printf_common
                0x0000000000001a18      0x10c e:/riscvdown/mounriver/mounriver_studio/toolchain/risc-v embedded gcc/bin/../lib/gcc/riscv-none-embed/8.2.0/../../../../riscv-none-embed/lib/rv32imacxw/ilp32\libg_nano.a(lib_a-nano-vfprintf_i.o)
                0x0000000000001a18                _printf_common
 .text._printf_i
                0x0000000000001b24      0x2a0 e:/riscvdown/mounriver/mounriver_studio/toolchain/risc-v embedded gcc/bin/../lib/gcc/riscv-none-embed/8.2.0/../../../../riscv-none-embed/lib/rv32imacxw/ilp32\libg_nano.a(lib_a-nano-vfprintf_i.o)
                0x0000000000001b24                _printf_i
 .text.memchr   0x0000000000001dc4       0x18 e:/riscvdown/mounriver/mounriver_studio/toolchain/risc-v embedded gcc/bin/../lib/gcc/riscv-none-embed/8.2.0/../../../../riscv-none-embed/lib/rv32imacxw/ilp32\libg_nano.a(lib_a-memchr.o)
                0x0000000000001dc4                memchr
 .text.memcpy   0x0000000000001ddc       0xb2 e:/riscvdown/mounriver/mounriver_studio/toolchain/risc-v embedded gcc/bin/../lib/gcc/riscv-none-embed/8.2.0/../../../../riscv-none-embed/lib/rv32imacxw/ilp32\libg_nano.a(lib_a-memcpy.o)
                0x0000000000001ddc                memcpy
 .text.memmove  0x0000000000001e8e       0x46 e:/riscvdown/mounriver/mounriver_studio/toolchain/risc-v embedded gcc/bin/../lib/gcc/riscv-none-embed/8.2.0/../../../../riscv-none-embed/lib/rv32imacxw/ilp32\libg_nano.a(lib_a-memmove.o)
                0x0000000000001e8e                memmove
 .text._free_r  0x0000000000001ed4       0xa4 e:/riscvdown/mounriver/mounriver_studio/toolchain/risc-v embedded gcc/bin/../lib/gcc/riscv-none-embed/8.2.0/../../../../riscv-none-embed/lib/rv32imacxw/ilp32\libg_nano.a(lib_a-nano-freer.o)
                0x0000000000001ed4                _free_r
 .text._malloc_r
                0x0000000000001f78       0xce e:/riscvdown/mounriver/mounriver_studio/toolchain/risc-v embedded gcc/bin/../lib/gcc/riscv-none-embed/8.2.0/../../../../riscv-none-embed/lib/rv32imacxw/ilp32\libg_nano.a(lib_a-nano-mallocr.o)
                0x0000000000001f78                _malloc_r
 .text._realloc_r
                0x0000000000002046       0x4e e:/riscvdown/mounriver/mounriver_studio/toolchain/risc-v embedded gcc/bin/../lib/gcc/riscv-none-embed/8.2.0/../../../../riscv-none-embed/lib/rv32imacxw/ilp32\libg_nano.a(lib_a-nano-reallocr.o)
                0x0000000000002046                _realloc_r
 .text._sbrk_r  0x0000000000002094       0x2a e:/riscvdown/mounriver/mounriver_studio/toolchain/risc-v embedded gcc/bin/../lib/gcc/riscv-none-embed/8.2.0/../../../../riscv-none-embed/lib/rv32imacxw/ilp32\libg_nano.a(lib_a-sbrkr.o)
                0x0000000000002094                _sbrk_r
 .text.__malloc_lock
                0x00000000000020be        0x2 e:/riscvdown/mounriver/mounriver_studio/toolchain/risc-v embedded gcc/bin/../lib/gcc/riscv-none-embed/8.2.0/../../../../riscv-none-embed/lib/rv32imacxw/ilp32\libg_nano.a(lib_a-mlock.o)
                0x00000000000020be                __malloc_lock
 .text.__malloc_unlock
                0x00000000000020c0        0x2 e:/riscvdown/mounriver/mounriver_studio/toolchain/risc-v embedded gcc/bin/../lib/gcc/riscv-none-embed/8.2.0/../../../../riscv-none-embed/lib/rv32imacxw/ilp32\libg_nano.a(lib_a-mlock.o)
                0x00000000000020c0                __malloc_unlock
 .text._malloc_usable_size_r
                0x00000000000020c2       0x14 e:/riscvdown/mounriver/mounriver_studio/toolchain/risc-v embedded gcc/bin/../lib/gcc/riscv-none-embed/8.2.0/../../../../riscv-none-embed/lib/rv32imacxw/ilp32\libg_nano.a(lib_a-nano-msizer.o)
                0x00000000000020c2                _malloc_usable_size_r
 *(.rodata)
 *(.rodata*)
 *fill*         0x00000000000020d6        0x2 
 .rodata.LED_INIT
                0x00000000000020d8       0x34 ./User/leds.o
 .rodata.main.str1.4
                0x000000000000210c       0x36 ./User/main.o
 *fill*         0x0000000000002142        0x2 
 .rodata._svfprintf_r.str1.4
                0x0000000000002144       0x13 e:/riscvdown/mounriver/mounriver_studio/toolchain/risc-v embedded gcc/bin/../lib/gcc/riscv-none-embed/8.2.0/../../../../riscv-none-embed/lib/rv32imacxw/ilp32\libg_nano.a(lib_a-nano-svfprintf.o)
 *fill*         0x0000000000002157        0x1 
 .rodata._printf_i.str1.4
                0x0000000000002158       0x28 e:/riscvdown/mounriver/mounriver_studio/toolchain/risc-v embedded gcc/bin/../lib/gcc/riscv-none-embed/8.2.0/../../../../riscv-none-embed/lib/rv32imacxw/ilp32\libg_nano.a(lib_a-nano-vfprintf_i.o)
                                         0x25 (size before relaxing)
 *(.gnu.linkonce.t.*)
                0x0000000000002180                . = ALIGN (0x4)

.rela.dyn       0x0000000000002180        0x0
 .rela.init     0x0000000000002180        0x0 ./User/ch32v30x_it.o
 .rela.vector   0x0000000000002180        0x0 ./User/ch32v30x_it.o
 .rela.text.handle_reset
                0x0000000000002180        0x0 ./User/ch32v30x_it.o
 .rela.text._sbrk
                0x0000000000002180        0x0 ./User/ch32v30x_it.o
 .rela.sdata.curbrk.5221
                0x0000000000002180        0x0 ./User/ch32v30x_it.o
 .rela.data.impure_data
                0x0000000000002180        0x0 ./User/ch32v30x_it.o
 .rela.text._svfprintf_r
                0x0000000000002180        0x0 ./User/ch32v30x_it.o
 .rela.text._sbrk_r
                0x0000000000002180        0x0 ./User/ch32v30x_it.o

.fini           0x0000000000002180        0x0
 *(SORT_NONE(.fini))
                0x0000000000002180                . = ALIGN (0x4)
                [!provide]                        PROVIDE (_etext = .)
                [!provide]                        PROVIDE (_eitcm = .)

.preinit_array  0x0000000000002180        0x0
                [!provide]                        PROVIDE (__preinit_array_start = .)
 *(.preinit_array)
                [!provide]                        PROVIDE (__preinit_array_end = .)

.init_array     0x0000000000002180        0x0
                [!provide]                        PROVIDE (__init_array_start = .)
 *(SORT_BY_INIT_PRIORITY(.init_array.*) SORT_BY_INIT_PRIORITY(.ctors.*))
 *(.init_array EXCLUDE_FILE(*crtend?.o *crtend.o *crtbegin?.o *crtbegin.o) .ctors)
                [!provide]                        PROVIDE (__init_array_end = .)

.fini_array     0x0000000000002180        0x0
                [!provide]                        PROVIDE (__fini_array_start = .)
 *(SORT_BY_INIT_PRIORITY(.fini_array.*) SORT_BY_INIT_PRIORITY(.dtors.*))
 *(.fini_array EXCLUDE_FILE(*crtend?.o *crtend.o *crtbegin?.o *crtbegin.o) .dtors)
                [!provide]                        PROVIDE (__fini_array_end = .)

.ctors
 *crtbegin.o(.ctors)
 *crtbegin?.o(.ctors)
 *(EXCLUDE_FILE(*crtend?.o *crtend.o) .ctors)
 *(SORT_BY_NAME(.ctors.*))
 *(.ctors)

.dtors
 *crtbegin.o(.dtors)
 *crtbegin?.o(.dtors)
 *(EXCLUDE_FILE(*crtend?.o *crtend.o) .dtors)
 *(SORT_BY_NAME(.dtors.*))
 *(.dtors)

.dalign         0x0000000020000000        0x0 load address 0x0000000000002180
                0x0000000020000000                . = ALIGN (0x4)
                0x0000000020000000                PROVIDE (_data_vma = .)

.dlalign        0x0000000000002180        0x0
                0x0000000000002180                . = ALIGN (0x4)
                0x0000000000002180                PROVIDE (_data_lma = .)

.data           0x0000000020000000       0x80 load address 0x0000000000002180
 *(.gnu.linkonce.r.*)
 *(.data .data.*)
 .data.APBAHBPrescTable
                0x0000000020000000       0x10 ./Peripheral/src/ch32v30x_rcc.o
 .data.impure_data
                0x0000000020000010       0x60 e:/riscvdown/mounriver/mounriver_studio/toolchain/risc-v embedded gcc/bin/../lib/gcc/riscv-none-embed/8.2.0/../../../../riscv-none-embed/lib/rv32imacxw/ilp32\libg_nano.a(lib_a-impure.o)
 *(.gnu.linkonce.d.*)
                0x0000000020000070                . = ALIGN (0x8)
                0x0000000020000870                PROVIDE (__global_pointer$ = (. + 0x800))
 *(.sdata .sdata.*)
 .sdata.SystemCoreClock
                0x0000000020000070        0x4 ./User/system_ch32v30x.o
                0x0000000020000070                SystemCoreClock
 .sdata.ADCPrescTable
                0x0000000020000074        0x4 ./Peripheral/src/ch32v30x_rcc.o
 .sdata.curbrk.5221
                0x0000000020000078        0x4 ./Debug/debug.o
 .sdata._impure_ptr
                0x000000002000007c        0x4 e:/riscvdown/mounriver/mounriver_studio/toolchain/risc-v embedded gcc/bin/../lib/gcc/riscv-none-embed/8.2.0/../../../../riscv-none-embed/lib/rv32imacxw/ilp32\libg_nano.a(lib_a-impure.o)
                0x000000002000007c                _impure_ptr
 *(.sdata2.*)
 *(.gnu.linkonce.s.*)
                0x0000000020000080                . = ALIGN (0x8)
 *(.srodata.cst16)
 *(.srodata.cst8)
 *(.srodata.cst4)
 *(.srodata.cst2)
 *(.srodata .srodata.*)
                0x0000000020000080                . = ALIGN (0x4)
                0x0000000020000080                PROVIDE (_edata = .)

.bss            0x0000000020000080       0x7c load address 0x0000000000002200
                0x0000000020000080                . = ALIGN (0x4)
                0x0000000020000080                PROVIDE (_sbss = .)
 *(.sbss*)
 .sbss.count    0x0000000020000080        0x1 ./User/main.o
                0x0000000020000080                count
 .sbss.count2   0x0000000020000081        0x1 ./User/main.o
                0x0000000020000081                count2
 .sbss.flag     0x0000000020000082        0x1 ./User/main.o
                0x0000000020000082                flag
 .sbss.j        0x0000000020000083        0x1 ./User/main.o
                0x0000000020000083                j
 .sbss.k        0x0000000020000084        0x1 ./User/main.o
                0x0000000020000084                k
 *fill*         0x0000000020000085        0x3 
 .sbss.max      0x0000000020000088        0x4 ./User/main.o
                0x0000000020000088                max
 .sbss.min      0x000000002000008c        0x4 ./User/main.o
                0x000000002000008c                min
 .sbss.rev      0x0000000020000090        0x1 ./User/main.o
                0x0000000020000090                rev
 *fill*         0x0000000020000091        0x3 
 .sbss.NVIC_Priority_Group
                0x0000000020000094        0x4 ./Peripheral/src/ch32v30x_misc.o
                0x0000000020000094                NVIC_Priority_Group
 .sbss.p_ms     0x0000000020000098        0x2 ./Debug/debug.o
 .sbss.p_us     0x000000002000009a        0x1 ./Debug/debug.o
 *fill*         0x000000002000009b        0x1 
 .sbss.__malloc_free_list
                0x000000002000009c        0x4 e:/riscvdown/mounriver/mounriver_studio/toolchain/risc-v embedded gcc/bin/../lib/gcc/riscv-none-embed/8.2.0/../../../../riscv-none-embed/lib/rv32imacxw/ilp32\libg_nano.a(lib_a-nano-mallocr.o)
                0x000000002000009c                __malloc_free_list
 .sbss.__malloc_sbrk_start
                0x00000000200000a0        0x4 e:/riscvdown/mounriver/mounriver_studio/toolchain/risc-v embedded gcc/bin/../lib/gcc/riscv-none-embed/8.2.0/../../../../riscv-none-embed/lib/rv32imacxw/ilp32\libg_nano.a(lib_a-nano-mallocr.o)
                0x00000000200000a0                __malloc_sbrk_start
 *(.gnu.linkonce.sb.*)
 *(.bss*)
 .bss.a         0x00000000200000a4       0x28 ./User/main.o
                0x00000000200000a4                a
 .bss.ucTemp    0x00000000200000cc       0x2a ./User/main.o
                0x00000000200000cc                ucTemp
 *(.gnu.linkonce.b.*)
 *(COMMON*)
 *fill*         0x00000000200000f6        0x2 
 COMMON         0x00000000200000f8        0x4 e:/riscvdown/mounriver/mounriver_studio/toolchain/risc-v embedded gcc/bin/../lib/gcc/riscv-none-embed/8.2.0/../../../../riscv-none-embed/lib/rv32imacxw/ilp32\libg_nano.a(lib_a-reent.o)
                0x00000000200000f8                errno
                0x00000000200000fc                . = ALIGN (0x4)
                0x00000000200000fc                PROVIDE (_ebss = .)
                0x00000000200000fc                PROVIDE (_end = _ebss)
                [!provide]                        PROVIDE (end = .)

.stack          0x0000000020007800      0x800
                0x0000000020007800                PROVIDE (_heap_end = .)
                0x0000000020007800                . = ALIGN (0x4)
                [!provide]                        PROVIDE (_susrstack = .)
                0x0000000020008000                . = (. + __stack_size)
 *fill*         0x0000000020007800      0x800 
                0x0000000020008000                PROVIDE (_eusrstack = .)
OUTPUT(随机抽取及按键抢答.elf elf32-littleriscv)

.debug_info     0x0000000000000000     0xc180
 .debug_info    0x0000000000000000      0x962 ./User/ch32v30x_it.o
 .debug_info    0x0000000000000962      0xecd ./User/keys.o
 .debug_info    0x000000000000182f      0xcdf ./User/leds.o
 .debug_info    0x000000000000250e     0x1302 ./User/main.o
 .debug_info    0x0000000000003810      0xa67 ./User/rng.o
 .debug_info    0x0000000000004277      0xb89 ./User/system_ch32v30x.o
 .debug_info    0x0000000000004e00      0xc95 ./User/usart_hmi.o
 .debug_info    0x0000000000005a95       0x22 ./Startup/startup_ch32v30x_D8C.o
 .debug_info    0x0000000000005ab7     0x1093 ./Peripheral/src/ch32v30x_gpio.o
 .debug_info    0x0000000000006b4a      0xf72 ./Peripheral/src/ch32v30x_misc.o
 .debug_info    0x0000000000007abc     0x156e ./Peripheral/src/ch32v30x_rcc.o
 .debug_info    0x000000000000902a      0xb02 ./Peripheral/src/ch32v30x_rng.o
 .debug_info    0x0000000000009b2c     0x1420 ./Peripheral/src/ch32v30x_usart.o
 .debug_info    0x000000000000af4c     0x1234 ./Debug/debug.o

.debug_abbrev   0x0000000000000000     0x240d
 .debug_abbrev  0x0000000000000000      0x1cf ./User/ch32v30x_it.o
 .debug_abbrev  0x00000000000001cf      0x29e ./User/keys.o
 .debug_abbrev  0x000000000000046d      0x27c ./User/leds.o
 .debug_abbrev  0x00000000000006e9      0x303 ./User/main.o
 .debug_abbrev  0x00000000000009ec      0x27a ./User/rng.o
 .debug_abbrev  0x0000000000000c66      0x2c0 ./User/system_ch32v30x.o
 .debug_abbrev  0x0000000000000f26      0x298 ./User/usart_hmi.o
 .debug_abbrev  0x00000000000011be       0x12 ./Startup/startup_ch32v30x_D8C.o
 .debug_abbrev  0x00000000000011d0      0x309 ./Peripheral/src/ch32v30x_gpio.o
 .debug_abbrev  0x00000000000014d9      0x2fb ./Peripheral/src/ch32v30x_misc.o
 .debug_abbrev  0x00000000000017d4      0x351 ./Peripheral/src/ch32v30x_rcc.o
 .debug_abbrev  0x0000000000001b25      0x2c8 ./Peripheral/src/ch32v30x_rng.o
 .debug_abbrev  0x0000000000001ded      0x312 ./Peripheral/src/ch32v30x_usart.o
 .debug_abbrev  0x00000000000020ff      0x30e ./Debug/debug.o

.debug_aranges  0x0000000000000000      0x570
 .debug_aranges
                0x0000000000000000       0x28 ./User/ch32v30x_it.o
 .debug_aranges
                0x0000000000000028       0x28 ./User/keys.o
 .debug_aranges
                0x0000000000000050       0x20 ./User/leds.o
 .debug_aranges
                0x0000000000000070       0x38 ./User/main.o
 .debug_aranges
                0x00000000000000a8       0x30 ./User/rng.o
 .debug_aranges
                0x00000000000000d8       0x28 ./User/system_ch32v30x.o
 .debug_aranges
                0x0000000000000100       0x38 ./User/usart_hmi.o
 .debug_aranges
                0x0000000000000138       0x30 ./Startup/startup_ch32v30x_D8C.o
 .debug_aranges
                0x0000000000000168       0xa8 ./Peripheral/src/ch32v30x_gpio.o
 .debug_aranges
                0x0000000000000210       0x28 ./Peripheral/src/ch32v30x_misc.o
 .debug_aranges
                0x0000000000000238      0x1a8 ./Peripheral/src/ch32v30x_rcc.o
 .debug_aranges
                0x00000000000003e0       0x48 ./Peripheral/src/ch32v30x_rng.o
 .debug_aranges
                0x0000000000000428      0x100 ./Peripheral/src/ch32v30x_usart.o
 .debug_aranges
                0x0000000000000528       0x48 ./Debug/debug.o

.debug_ranges   0x0000000000000000      0x508
 .debug_ranges  0x0000000000000000       0x18 ./User/ch32v30x_it.o
 .debug_ranges  0x0000000000000018       0x18 ./User/keys.o
 .debug_ranges  0x0000000000000030       0x10 ./User/leds.o
 .debug_ranges  0x0000000000000040       0x48 ./User/main.o
 .debug_ranges  0x0000000000000088       0x20 ./User/rng.o
 .debug_ranges  0x00000000000000a8       0x38 ./User/system_ch32v30x.o
 .debug_ranges  0x00000000000000e0       0x28 ./User/usart_hmi.o
 .debug_ranges  0x0000000000000108       0x28 ./Startup/startup_ch32v30x_D8C.o
 .debug_ranges  0x0000000000000130       0x98 ./Peripheral/src/ch32v30x_gpio.o
 .debug_ranges  0x00000000000001c8       0x48 ./Peripheral/src/ch32v30x_misc.o
 .debug_ranges  0x0000000000000210      0x198 ./Peripheral/src/ch32v30x_rcc.o
 .debug_ranges  0x00000000000003a8       0x38 ./Peripheral/src/ch32v30x_rng.o
 .debug_ranges  0x00000000000003e0       0xf0 ./Peripheral/src/ch32v30x_usart.o
 .debug_ranges  0x00000000000004d0       0x38 ./Debug/debug.o

.debug_line     0x0000000000000000     0x7fa6
 .debug_line    0x0000000000000000      0x253 ./User/ch32v30x_it.o
 .debug_line    0x0000000000000253      0x713 ./User/keys.o
 .debug_line    0x0000000000000966      0x832 ./User/leds.o
 .debug_line    0x0000000000001198     0x1042 ./User/main.o
 .debug_line    0x00000000000021da      0x36e ./User/rng.o
 .debug_line    0x0000000000002548      0x765 ./User/system_ch32v30x.o
 .debug_line    0x0000000000002cad      0x647 ./User/usart_hmi.o
 .debug_line    0x00000000000032f4      0x37d ./Startup/startup_ch32v30x_D8C.o
 .debug_line    0x0000000000003671      0xd7d ./Peripheral/src/ch32v30x_gpio.o
 .debug_line    0x00000000000043ee      0x50a ./Peripheral/src/ch32v30x_misc.o
 .debug_line    0x00000000000048f8     0x19c2 ./Peripheral/src/ch32v30x_rcc.o
 .debug_line    0x00000000000062ba      0x464 ./Peripheral/src/ch32v30x_rng.o
 .debug_line    0x000000000000671e     0x109c ./Peripheral/src/ch32v30x_usart.o
 .debug_line    0x00000000000077ba      0x7ec ./Debug/debug.o

.debug_str      0x0000000000000000     0x1fa9
 .debug_str     0x0000000000000000      0x55b ./User/ch32v30x_it.o
                                        0x5bc (size before relaxing)
 .debug_str     0x000000000000055b      0x20d ./User/keys.o
                                        0x7a6 (size before relaxing)
 .debug_str     0x0000000000000768       0x25 ./User/leds.o
                                        0x747 (size before relaxing)
 .debug_str     0x000000000000078d      0x1c1 ./User/main.o
                                        0x956 (size before relaxing)
 .debug_str     0x000000000000094e       0x52 ./User/rng.o
                                        0x628 (size before relaxing)
 .debug_str     0x00000000000009a0      0x10b ./User/system_ch32v30x.o
                                        0x6d2 (size before relaxing)
 .debug_str     0x0000000000000aab       0x47 ./User/usart_hmi.o
                                        0x691 (size before relaxing)
 .debug_str     0x0000000000000af2       0x90 ./Startup/startup_ch32v30x_D8C.o
 .debug_str     0x0000000000000b82      0x23f ./Peripheral/src/ch32v30x_gpio.o
                                        0x99e (size before relaxing)
 .debug_str     0x0000000000000dc1      0x6db ./Peripheral/src/ch32v30x_misc.o
                                        0xcf8 (size before relaxing)
 .debug_str     0x000000000000149c      0x5dc ./Peripheral/src/ch32v30x_rcc.o
                                        0xcf7 (size before relaxing)
 .debug_str     0x0000000000001a78       0xa5 ./Peripheral/src/ch32v30x_rng.o
                                        0x6b9 (size before relaxing)
 .debug_str     0x0000000000001b1d      0x3dc ./Peripheral/src/ch32v30x_usart.o
                                        0xb44 (size before relaxing)
 .debug_str     0x0000000000001ef9       0xb0 ./Debug/debug.o
                                        0xf0e (size before relaxing)

.comment        0x0000000000000000       0x33
 .comment       0x0000000000000000       0x33 ./User/ch32v30x_it.o
                                         0x34 (size before relaxing)
 .comment       0x0000000000000033       0x34 ./User/keys.o
 .comment       0x0000000000000033       0x34 ./User/leds.o
 .comment       0x0000000000000033       0x34 ./User/main.o
 .comment       0x0000000000000033       0x34 ./User/rng.o
 .comment       0x0000000000000033       0x34 ./User/system_ch32v30x.o
 .comment       0x0000000000000033       0x34 ./User/usart_hmi.o
 .comment       0x0000000000000033       0x34 ./Peripheral/src/ch32v30x_gpio.o
 .comment       0x0000000000000033       0x34 ./Peripheral/src/ch32v30x_misc.o
 .comment       0x0000000000000033       0x34 ./Peripheral/src/ch32v30x_rcc.o
 .comment       0x0000000000000033       0x34 ./Peripheral/src/ch32v30x_rng.o
 .comment       0x0000000000000033       0x34 ./Peripheral/src/ch32v30x_usart.o
 .comment       0x0000000000000033       0x34 ./Debug/debug.o

.debug_frame    0x0000000000000000      0xe54
 .debug_frame   0x0000000000000000       0x30 ./User/ch32v30x_it.o
 .debug_frame   0x0000000000000030       0x5c ./User/keys.o
 .debug_frame   0x000000000000008c       0x38 ./User/leds.o
 .debug_frame   0x00000000000000c4       0xa4 ./User/main.o
 .debug_frame   0x0000000000000168       0x6c ./User/rng.o
 .debug_frame   0x00000000000001d4       0x3c ./User/system_ch32v30x.o
 .debug_frame   0x0000000000000210       0x98 ./User/usart_hmi.o
 .debug_frame   0x00000000000002a8      0x148 ./Peripheral/src/ch32v30x_gpio.o
 .debug_frame   0x00000000000003f0       0x30 ./Peripheral/src/ch32v30x_misc.o
 .debug_frame   0x0000000000000420      0x344 ./Peripheral/src/ch32v30x_rcc.o
 .debug_frame   0x0000000000000764       0x8c ./Peripheral/src/ch32v30x_rng.o
 .debug_frame   0x00000000000007f0      0x204 ./Peripheral/src/ch32v30x_usart.o
 .debug_frame   0x00000000000009f4       0x9c ./Debug/debug.o
 .debug_frame   0x0000000000000a90       0x48 e:/riscvdown/mounriver/mounriver_studio/toolchain/risc-v embedded gcc/bin/../lib/gcc/riscv-none-embed/8.2.0/../../../../riscv-none-embed/lib/rv32imacxw/ilp32\libg_nano.a(lib_a-sprintf.o)
 .debug_frame   0x0000000000000ad8       0xe0 e:/riscvdown/mounriver/mounriver_studio/toolchain/risc-v embedded gcc/bin/../lib/gcc/riscv-none-embed/8.2.0/../../../../riscv-none-embed/lib/rv32imacxw/ilp32\libg_nano.a(lib_a-nano-svfprintf.o)
 .debug_frame   0x0000000000000bb8       0x8c e:/riscvdown/mounriver/mounriver_studio/toolchain/risc-v embedded gcc/bin/../lib/gcc/riscv-none-embed/8.2.0/../../../../riscv-none-embed/lib/rv32imacxw/ilp32\libg_nano.a(lib_a-nano-vfprintf_i.o)
 .debug_frame   0x0000000000000c44       0x20 e:/riscvdown/mounriver/mounriver_studio/toolchain/risc-v embedded gcc/bin/../lib/gcc/riscv-none-embed/8.2.0/../../../../riscv-none-embed/lib/rv32imacxw/ilp32\libg_nano.a(lib_a-memchr.o)
 .debug_frame   0x0000000000000c64       0x20 e:/riscvdown/mounriver/mounriver_studio/toolchain/risc-v embedded gcc/bin/../lib/gcc/riscv-none-embed/8.2.0/../../../../riscv-none-embed/lib/rv32imacxw/ilp32\libg_nano.a(lib_a-memcpy.o)
 .debug_frame   0x0000000000000c84       0x20 e:/riscvdown/mounriver/mounriver_studio/toolchain/risc-v embedded gcc/bin/../lib/gcc/riscv-none-embed/8.2.0/../../../../riscv-none-embed/lib/rv32imacxw/ilp32\libg_nano.a(lib_a-memmove.o)
 .debug_frame   0x0000000000000ca4       0x40 e:/riscvdown/mounriver/mounriver_studio/toolchain/risc-v embedded gcc/bin/../lib/gcc/riscv-none-embed/8.2.0/../../../../riscv-none-embed/lib/rv32imacxw/ilp32\libg_nano.a(lib_a-nano-freer.o)
 .debug_frame   0x0000000000000ce4       0x40 e:/riscvdown/mounriver/mounriver_studio/toolchain/risc-v embedded gcc/bin/../lib/gcc/riscv-none-embed/8.2.0/../../../../riscv-none-embed/lib/rv32imacxw/ilp32\libg_nano.a(lib_a-nano-mallocr.o)
 .debug_frame   0x0000000000000d24       0x40 e:/riscvdown/mounriver/mounriver_studio/toolchain/risc-v embedded gcc/bin/../lib/gcc/riscv-none-embed/8.2.0/../../../../riscv-none-embed/lib/rv32imacxw/ilp32\libg_nano.a(lib_a-nano-reallocr.o)
 .debug_frame   0x0000000000000d64       0x30 e:/riscvdown/mounriver/mounriver_studio/toolchain/risc-v embedded gcc/bin/../lib/gcc/riscv-none-embed/8.2.0/../../../../riscv-none-embed/lib/rv32imacxw/ilp32\libg_nano.a(lib_a-sbrkr.o)
 .debug_frame   0x0000000000000d94       0x30 e:/riscvdown/mounriver/mounriver_studio/toolchain/risc-v embedded gcc/bin/../lib/gcc/riscv-none-embed/8.2.0/../../../../riscv-none-embed/lib/rv32imacxw/ilp32\libg_nano.a(lib_a-mlock.o)
 .debug_frame   0x0000000000000dc4       0x20 e:/riscvdown/mounriver/mounriver_studio/toolchain/risc-v embedded gcc/bin/../lib/gcc/riscv-none-embed/8.2.0/../../../../riscv-none-embed/lib/rv32imacxw/ilp32\libg_nano.a(lib_a-nano-msizer.o)
 .debug_frame   0x0000000000000de4       0x70 e:/riscvdown/mounriver/mounriver_studio/toolchain/risc-v embedded gcc/bin/../lib/gcc/riscv-none-embed/8.2.0/../../../../riscv-none-embed/lib/rv32imacxw/ilp32\libg_nano.a(lib_a-reent.o)

.debug_loc      0x0000000000000000     0x1f7d
 .debug_loc     0x0000000000000000       0xb9 ./User/keys.o
 .debug_loc     0x00000000000000b9       0x2c ./User/leds.o
 .debug_loc     0x00000000000000e5      0x10a ./User/main.o
 .debug_loc     0x00000000000001ef       0x49 ./User/rng.o
 .debug_loc     0x0000000000000238       0xda ./User/system_ch32v30x.o
 .debug_loc     0x0000000000000312       0x9b ./User/usart_hmi.o
 .debug_loc     0x00000000000003ad      0x670 ./Peripheral/src/ch32v30x_gpio.o
 .debug_loc     0x0000000000000a1d       0xce ./Peripheral/src/ch32v30x_misc.o
 .debug_loc     0x0000000000000aeb      0xadb ./Peripheral/src/ch32v30x_rcc.o
 .debug_loc     0x00000000000015c6       0xa8 ./Peripheral/src/ch32v30x_rng.o
 .debug_loc     0x000000000000166e      0x7bb ./Peripheral/src/ch32v30x_usart.o
 .debug_loc     0x0000000000001e29      0x154 ./Debug/debug.o
